// Jest Snapshot v1, https://goo.gl/fbAQLP

exports[`<Breadcrumbs /> renders correctly with optional props 1`] = `
<nav
  data-testid="breadcrumbs"
>
  <ul
    className="breadcrumb"
  >
    <li
      className="breadcrumb-item -parent"
      style={
        Object {
          "display": "none",
        }
      }
    >
      <a
        className="breadcrumb-item--parent link -teal -small"
        data-menu={null}
        data-testid="router-link"
        href="/"
        onClick={[Function]}
        onFocus={[Function]}
        onMouseEnter={[Function]}
        onMouseOver={[Function]}
      >
        <div
          style={
            Object {
              "color": "#ccc",
              "fontSize": "24px",
              "lineHeight": 1.75,
              "opacity": 0.75,
            }
          }
        >
          <span>
            <span
              className="react-loading-skeleton css-1eg0sfo-skeletonStyles-Skeleton"
              style={Object {}}
            >
              ‌
            </span>
          </span>
        </div>
        Page1
      </a>
    </li>
    <li
      className="breadcrumb-item -parent"
      style={
        Object {
          "display": "grid",
        }
      }
    >
      <a
        className="breadcrumb-item--parent link -teal -small"
        data-menu={null}
        data-testid="router-link"
        href="/"
        onClick={[Function]}
        onFocus={[Function]}
        onMouseEnter={[Function]}
        onMouseOver={[Function]}
      >
        <div
          style={
            Object {
              "color": "#ccc",
              "fontSize": "24px",
              "lineHeight": 1.75,
              "opacity": 0.75,
            }
          }
        >
          <span>
            <span
              className="react-loading-skeleton css-1eg0sfo-skeletonStyles-Skeleton"
              style={Object {}}
            >
              ‌
            </span>
          </span>
        </div>
        Back to 
        Page2
      </a>
    </li>
    <li
      className="breadcrumb-item -child"
      style={
        Object {
          "display": "none",
        }
      }
    >
      <div
        style={
          Object {
            "color": "#ccc",
            "fontSize": "24px",
            "lineHeight": 1.75,
            "opacity": 0.75,
          }
        }
      >
        <span>
          <span
            className="react-loading-skeleton css-1eg0sfo-skeletonStyles-Skeleton"
            style={Object {}}
          >
            ‌
          </span>
        </span>
      </div>
    </li>
  </ul>
</nav>
`;
