// Jest Snapshot v1, https://goo.gl/fbAQLP

exports[`<League /> renders correctly 1`] = `
Array [
  <div>
    <div
      className="image -expand -plain"
    >
      <img
        className="image--native"
        loading="eager"
        sizes="(min-width:3200px) 800px, 1200px"
        src="https://vanarama-nonprod.com/cdn-cgi/image/fit=scale-down,height=1920,width=1920,quality=75,sharpness=0,metadata=none/https://dev.vanarama-nonprod.com/Assets/images-optimised/home/national-league.png"
        srcSet="https://vanarama-nonprod.com/cdn-cgi/image/fit=scale-down,height=320,width=320,quality=60,sharpness=0,metadata=none/https://dev.vanarama-nonprod.com/Assets/images-optimised/home/national-league.png 320w, https://vanarama-nonprod.com/cdn-cgi/image/fit=scale-down,height=800,width=800,quality=70,sharpness=0,metadata=none/https://dev.vanarama-nonprod.com/Assets/images-optimised/home/national-league.png 800w, https://vanarama-nonprod.com/cdn-cgi/image/fit=scale-down,height=1200,width=1200,quality=75,sharpness=0,metadata=none/https://dev.vanarama-nonprod.com/Assets/images-optimised/home/national-league.png 1200w"
      />
    </div>
  </div>,
  <div>
    <span
      className="heading -black -large"
    >
      The Vanarama National League
    </span>
    <span
      className="text -lead -darker"
    >
      Read About Our Sponsorship
       
      <a
        className="link -teal -regular -plain"
        href=""
        onClick={[Function]}
      >
        Here
      </a>
    </span>
    <div
      className="image -expand -plain"
    >
      <img
        className="image--native"
        loading="eager"
        sizes="(min-width:3200px) 800px, 1200px"
        src="https://vanarama-nonprod.com/cdn-cgi/image/fit=scale-down,height=1920,width=1920,quality=75,sharpness=0,metadata=none/https://dev.vanarama-nonprod.com/Assets/images-optimised/home/league-cup.png"
        srcSet="https://vanarama-nonprod.com/cdn-cgi/image/fit=scale-down,height=320,width=320,quality=60,sharpness=0,metadata=none/https://dev.vanarama-nonprod.com/Assets/images-optimised/home/league-cup.png 320w, https://vanarama-nonprod.com/cdn-cgi/image/fit=scale-down,height=800,width=800,quality=70,sharpness=0,metadata=none/https://dev.vanarama-nonprod.com/Assets/images-optimised/home/league-cup.png 800w, https://vanarama-nonprod.com/cdn-cgi/image/fit=scale-down,height=1200,width=1200,quality=75,sharpness=0,metadata=none/https://dev.vanarama-nonprod.com/Assets/images-optimised/home/league-cup.png 1200w"
      />
    </div>
  </div>,
]
`;

exports[`<League /> renders correctly with optional props 1`] = `
Array [
  <div>
    <div
      className="image -expand -plain"
    >
      <img
        alt="image1"
        className="image--native"
        loading="eager"
        sizes="(min-width:3200px) 800px, 1200px"
        src="https://vanarama-nonprod.com/cdn-cgi/image/fit=scale-down,height=1920,width=1920,quality=75,sharpness=0,metadata=none/https://dev.vanarama-nonprod.com/Assets/images-optimised/home/national-league.png"
        srcSet="https://vanarama-nonprod.com/cdn-cgi/image/fit=scale-down,height=320,width=320,quality=60,sharpness=0,metadata=none/https://dev.vanarama-nonprod.com/Assets/images-optimised/home/national-league.png 320w, https://vanarama-nonprod.com/cdn-cgi/image/fit=scale-down,height=800,width=800,quality=70,sharpness=0,metadata=none/https://dev.vanarama-nonprod.com/Assets/images-optimised/home/national-league.png 800w, https://vanarama-nonprod.com/cdn-cgi/image/fit=scale-down,height=1200,width=1200,quality=75,sharpness=0,metadata=none/https://dev.vanarama-nonprod.com/Assets/images-optimised/home/national-league.png 1200w"
      />
    </div>
  </div>,
  <div>
    <span
      className="heading -black -large"
    >
      The Vanarama National League
    </span>
    <span
      className="text -lead -darker"
    >
      Read About Our Sponsorship
       
      <a
        className="link -teal -regular -plain"
        href=""
        onClick={[Function]}
      >
        Here
      </a>
    </span>
    <div
      className="image -expand -plain"
    >
      <img
        alt="image1"
        className="image--native"
        loading="eager"
        sizes="(min-width:3200px) 800px, 1200px"
        src="https://vanarama-nonprod.com/cdn-cgi/image/fit=scale-down,height=1920,width=1920,quality=75,sharpness=0,metadata=none/https://dev.vanarama-nonprod.com/Assets/images-optimised/home/league-cup.png"
        srcSet="https://vanarama-nonprod.com/cdn-cgi/image/fit=scale-down,height=320,width=320,quality=60,sharpness=0,metadata=none/https://dev.vanarama-nonprod.com/Assets/images-optimised/home/league-cup.png 320w, https://vanarama-nonprod.com/cdn-cgi/image/fit=scale-down,height=800,width=800,quality=70,sharpness=0,metadata=none/https://dev.vanarama-nonprod.com/Assets/images-optimised/home/league-cup.png 800w, https://vanarama-nonprod.com/cdn-cgi/image/fit=scale-down,height=1200,width=1200,quality=75,sharpness=0,metadata=none/https://dev.vanarama-nonprod.com/Assets/images-optimised/home/league-cup.png 1200w"
      />
    </div>
  </div>,
]
`;
