// Jest Snapshot v1, https://goo.gl/fbAQLP

exports[`<NumericInput /> renders correctly 1`] = `
<div>
  <div
    class="textinput regular"
  >
    <input
      class="textinput--native regular"
      id="accountNumber"
      placeholder="accountNumber"
      type="text"
    />
  </div>
</div>
`;
