// Jest Snapshot v1, https://goo.gl/fbAQLP

exports[`<AdvancedBreakdownCoverContainer /> should match snapshot 1`] = `
<body>
  <div>
    <div
      class="row:title"
    >
      <h1
        class="heading -black -xlarge"
      >
        Advanced Breakdown Cover
      </h1>
    </div>
    <section
      class="row:featured-right"
    >
      <div>
        <h2
          class="heading -black -large"
        >
          Advanced Breakdown Cover
        </h2>
        <span
          class="text -regular -darker"
        >
          <h2>
            Full & Drama-Free Breakdown Cover For Less
             
          </h2>
          <p>
             
            
Breaking down is the last thing you want to think about when you order your brand-new van or pickup truck from us. But it could happen, & if you don't have breakdown cover, you're likely to find yourself forking out a fortune to recover your vehicle & find a replacement.
             
            

             
            
So, get our Advanced Breakdown Cover when you lease a brand-new van or pickup truck from Vanarama. If you break down, you're covered! If your vehicle needs repairing we'll give you a similar-sized vehicle for up to 7 days to keep your business moving!
             
            

             
            

            <a
              href="https://beta.vanarama.com/special-offers.html"
            >
              View Deals
            </a>
          </p>
        </span>
      </div>
      <div>
        <div
          class="image -expand"
        >
          <img
            alt="abc-man.jpg"
            class="image--native"
            src="//images.ctfassets.net/3xid768u5joa/5Z6WeTc9kvkrnJpomCE1s4/0a3ec860b45748e384761e24be3d2e42/abc-man.jpg"
          />
        </div>
      </div>
    </section>
    <section
      class="row:bg-light"
    >
      <div>
        <h2
          class="heading -black -large"
        >
          What's Included?
        </h2>
        <div
          class="row:cards-2col"
        >
          <div
            class="card breakdown -inline"
            data-testid="card"
          >
            <img
              alt="img"
              class="card-image"
              data-testid="card-image"
              src="//images.ctfassets.net/3xid768u5joa/3a609lEJL2WBF9fBG9V6N6/9bbcee8eba6f7deecfbbab92582283e2/Fleet-Icon.png"
            />
            <div
              class="title"
            >
              <span
                class="heading -black -lead"
                data-testid="card-heading"
              >
                Breakdown Cover
              </span>
              <span
                class="heading -dark -small"
                data-testid="card-description"
              >
                Wherever your vehicle breaks down, our trusted partner, the RAC, will provide assistance, so you'll never be left stranded.
              </span>
            </div>
          </div>
          <div
            class="card breakdown -inline"
            data-testid="card"
          >
            <img
              alt="img"
              class="card-image"
              data-testid="card-image"
              src="//images.ctfassets.net/3xid768u5joa/7gH6pHpHcgXHt14wJlfqmz/0acc5f3d654e0a2f1e2e1e584901983e/delivery.jpg"
            />
            <div
              class="title"
            >
              <span
                class="heading -black -lead"
                data-testid="card-heading"
              >
                At Home Cover
              </span>
              <span
                class="heading -dark -small"
                data-testid="card-description"
              >
                If your vehicle won't start, the RAC will fix your vehicle if you break down at, or within ¼ mile of home. Just pop the kettle on & sit tight.
              </span>
            </div>
          </div>
          <div
            class="card breakdown -inline"
            data-testid="card"
          >
            <img
              alt="img"
              class="card-image"
              data-testid="card-image"
              src="//images.ctfassets.net/3xid768u5joa/3KhuHOZWIeppLEsCTcouiY/a384211adc3f246728f3c5fd9d8cf637/Insurance-Icon.png"
            />
            <div
              class="title"
            >
              <span
                class="heading -black -lead"
                data-testid="card-heading"
              >
                Recovery
              </span>
              <span
                class="heading -dark -small"
                data-testid="card-description"
              >
                If your vehicle can't be fixed at the roadside, the RAC will take it for repair. All part of the service!
              </span>
            </div>
          </div>
          <div
            class="card breakdown -inline"
            data-testid="card"
          >
            <img
              alt="img"
              class="card-image"
              data-testid="card-image"
              src="//images.ctfassets.net/3xid768u5joa/4v2ALClaL6YnE0NYRsd8uc/7e92f2b83eb9e594ced8269152961026/Icon-PricePromise-RGB.png"
            />
            <div
              class="title"
            >
              <span
                class="heading -black -lead"
                data-testid="card-heading"
              >
                Replacement Vehicle
              </span>
              <span
                class="heading -dark -small"
                data-testid="card-description"
              >
                If your vehicle's off the road needing repair, we'll keep your business moving by giving you a similar-sized vehicle for up to 7 days.
              </span>
            </div>
          </div>
        </div>
      </div>
    </section>
    <section
      class="row:featured-right"
    >
      <div>
        <h2
          class="heading -black -large"
        >
          How Much Will It Cost You?
        </h2>
        <span
          class="text -regular -darker"
        >
          <p>
            Advanced Breakdown Cover is only £9 per month for the entire length of your lease. You get all that piece of mind for less than a tenner a month... talk about a no-brainer.
             
            

             
            

            <a
              href="https://beta.vanarama.com/special-offers.html"
            >
              View Deals
            </a>
          </p>
        </span>
      </div>
      <div />
    </section>
  </div>
</body>
`;
