// Jest Snapshot v1, https://goo.gl/fbAQLP

exports[`<CustomiseLeaseContainer /> should show data correctly with data 1`] = `
<div
  className="pdp--sidebar"
>
  <div
    style={
      Object {
        "display": "flex",
        "justifyContent": "space-between",
      }
    }
  >
    <div>
      <span
        className="heading -black -small"
      >
        FACTORY ORDER
      </span>
      <span
        className="text -small -darker"
      >
        Availability: 12 Weeks (Avg)
      </span>
    </div>
    <div>
      <div
        className="price -xlarge -black"
      >
        POA
      </div>
    </div>
  </div>
  <form
    className="form"
    data-testid="goldrush-form"
    onSubmit={[Function]}
  >
    <span
      className="heading -black -lead"
    >
      Get Your Quote Now
    </span>
    <div
      className="formgroup"
    >
      <label
        className="formgroup--legend"
        htmlFor="goldrush-form_full-name"
      >
        Full Name
      </label>
      <div
        className="formgroup--content"
      >
        <div
          className="textinput regular"
        >
          <input
            className="textinput--native regular"
            data-testid="goldrush-form_full-name"
            id="goldrush-form_full-name"
            name="fullName"
            type="text"
          />
        </div>
      </div>
    </div>
    <div
      className="formgroup"
    >
      <label
        className="formgroup--legend"
        htmlFor="goldrush-form_email"
      >
        Email Address
      </label>
      <div
        className="formgroup--content"
      >
        <div
          className="textinput regular"
        >
          <input
            className="textinput--native regular"
            data-testid="goldrush-form_email"
            id="goldrush-form_email"
            name="email"
            type="text"
          />
        </div>
      </div>
    </div>
    <div
      className="formgroup"
    >
      <label
        className="formgroup--legend"
        htmlFor="goldrush-form_phone-number"
      >
        Phone Number
      </label>
      <div
        className="formgroup--content"
      >
        <div
          className="textinput regular"
        >
          <input
            className="textinput--native regular"
            data-testid="goldrush-form_phone-number"
            id="goldrush-form_phone-number"
            name="phoneNumber"
            type="text"
          />
        </div>
      </div>
    </div>
    <div
      className="formgroup"
    >
      <label
        className="formgroup--legend"
      >
        Please Confirm
      </label>
      <div
        className="formgroup--content"
      >
        <div
          className="checkbox -teal"
        >
          <input
            className="checkbox--native"
            data-testid="aboutConsent"
            id="consent"
            name="consent"
            type="checkbox"
          />
          <label
            className="checkbox--label"
            htmlFor="consent"
          >
            <span
              className="text -regular -darker"
            >
              I wish to receive emails and SMS messages for updates on the latest deals, offers and promotions.
            </span>
          </label>
        </div>
        <div
          className="checkbox -teal"
        >
          <input
            className="checkbox--native"
            data-testid="aboutTermsAndCons"
            id="termsAndCons"
            name="termsAndCons"
            type="checkbox"
          />
          <label
            className="checkbox--label"
            htmlFor="termsAndCons"
          >
            <span
              className="text -regular -darker"
            >
              I agree to the terms and conditions.
            </span>
          </label>
        </div>
      </div>
    </div>
    <p
      className="text -xsmall -darker"
    >
      Vanarama collects the contact information you provide to us to contact you about our products and services. You may unsubscribe from these communications at any time. For information on how to unsubscribe, as well as our privacy practices and commitment to protecting your privacy, please check out our Privacy Policy.
    </p>
    <button
      className="button -teal -lead -solid"
      data-testid="goldrush-form_submit"
      disabled={false}
      type="submit"
    >
      <div
        className="button--inner"
      >
        Get Quote Now
      </div>
    </button>
  </form>
  <div
    className="pdp--sidebar-promise"
  >
    <span
      className="text -regular -black"
    >
      We’ll beat any lease quote or we'll give you £100. 
    </span>
    <a
      className="link -success -small -plain"
      href="#"
    >
      Terms and Conditions apply.
    </a>
  </div>
</div>
`;

exports[`<CustomiseLeaseContainer /> should show data correctly with data 2`] = `
<div
  className="pdp--sidebar"
  style={
    Object {
      "alignItems": "center",
      "display": "flex",
      "minHeight": "40rem",
    }
  }
>
  <div
    className="loading -xlarge"
  >
    <svg
      className="loading--svg"
      viewBox="-75 -75 150 150"
    >
      <circle
        className="loading--stroke"
        cx="0"
        cy="0"
        r="37.5"
      />
    </svg>
  </div>
</div>
`;
