// Jest Snapshot v1, https://goo.gl/fbAQLP

exports[`<Pagination /> renders correctly 1`] = `
<div
  className="pagination"
>
  <a
    className="link pagination--chevron -primary -regular -plain"
    href="page/2"
  >
    <i
      className="icon"
    >
      <svg
        height="1em"
        viewBox="0 0 512 512"
        width="1em"
      >
        <polyline
          points="328 112 184 256 328 400"
          style={
            Object {
              "fill": "none",
              "stroke": "var(--class-color)",
              "strokeLinecap": "square",
              "strokeMiterlimit": 10,
              "strokeWidth": 48,
            }
          }
        />
      </svg>
    </i>
  </a>
  <a
    className="link pagination--item -primary -regular -plain"
    href="page/1"
  >
    1
  </a>
  <a
    className="link pagination--item -primary -regular -plain"
    href="page/2"
  >
    2
  </a>
  <a
    className="link pagination--item -active -primary -regular -plain"
    href="page/3"
  >
    3
  </a>
  <a
    className="link pagination--item -primary -regular -plain"
    href="page/4"
  >
    4
  </a>
  <div
    className="pagination--item --disabled"
  >
    ...
  </div>
  <a
    className="link pagination--item -primary -regular -plain"
    href="page/8"
  >
    8
  </a>
  <a
    className="link pagination--chevron -primary -regular -plain"
    href="page/4"
  >
    <i
      className="icon"
    >
      <svg
        height="1em"
        viewBox="0 0 512 512"
        width="1em"
      >
        <polyline
          points="184 112 328 256 184 400"
          style={
            Object {
              "fill": "none",
              "stroke": "var(--class-color)",
              "strokeLinecap": "square",
              "strokeMiterlimit": 10,
              "strokeWidth": 48,
            }
          }
        />
      </svg>
    </i>
  </a>
</div>
`;
