// Jest Snapshot v1, https://goo.gl/fbAQLP

exports[`<ThankYouContainer /> should match snapshot 1`] = `
<body>
  <div>
    <div
      class="row:title"
    />
    <div
      class="row:lead-text"
    >
      <h1
        class="heading -black -xlarge"
      >
        <i
          class="icon -pr-300 -success"
        >
          <svg
            height="1em"
            viewBox="0 0 512 512"
            width="1em"
          >
            <title>
              ionicons-v5-e
            </title>
            <path
              d="M256,48C141.31,48,48,141.31,48,256s93.31,208,208,208,208-93.31,208-208S370.69,48,256,48ZM218,360.38,137.4,270.81l23.79-21.41,56,62.22L350,153.46,374.54,174Z"
            />
          </svg>
        </i>
        Thank You For Your Request
      </h1>
      <span
        class="text -lead -darker"
      >
        A member of our team will contact you shortly. If you wish to speak to the insurance team please call us on 01442 838173

      </span>
    </div>
    <div
      class="row:bg-lighter"
    >
      <div
        class="row:cards-3col"
      >
        <p
          class="heading -black -large"
        >
          Other Insurance Products
        </p>
        <div
          class="card"
          data-testid="card"
        >
          <div
            class="image card-image -expand -plain"
          >
            <span
              style="box-sizing: border-box; display: block; overflow: hidden; background: none; opacity: 1; border: 0px; margin: 0px; padding: 0px; position: absolute; top: 0px; left: 0px; bottom: 0px; right: 0px;"
            >
              <img
                class="image--native"
                data-nimg="fill"
                data-testid="card-image"
                decoding="async"
                sizes="100vw"
                src="/_next/image?url=https%3A%2F%2Fimages.ctfassets.net%2F3xid768u5joa%2Fufm5sstitBVeCwZ71417K%2F29d8383eb233ed514ea00ffc650879e3%2Fplaceholder.jpg&w=3840&q=60"
                srcset="/_next/image?url=https%3A%2F%2Fimages.ctfassets.net%2F3xid768u5joa%2Fufm5sstitBVeCwZ71417K%2F29d8383eb233ed514ea00ffc650879e3%2Fplaceholder.jpg&w=640&q=60 640w, /_next/image?url=https%3A%2F%2Fimages.ctfassets.net%2F3xid768u5joa%2Fufm5sstitBVeCwZ71417K%2F29d8383eb233ed514ea00ffc650879e3%2Fplaceholder.jpg&w=750&q=60 750w, /_next/image?url=https%3A%2F%2Fimages.ctfassets.net%2F3xid768u5joa%2Fufm5sstitBVeCwZ71417K%2F29d8383eb233ed514ea00ffc650879e3%2Fplaceholder.jpg&w=828&q=60 828w, /_next/image?url=https%3A%2F%2Fimages.ctfassets.net%2F3xid768u5joa%2Fufm5sstitBVeCwZ71417K%2F29d8383eb233ed514ea00ffc650879e3%2Fplaceholder.jpg&w=1080&q=60 1080w, /_next/image?url=https%3A%2F%2Fimages.ctfassets.net%2F3xid768u5joa%2Fufm5sstitBVeCwZ71417K%2F29d8383eb233ed514ea00ffc650879e3%2Fplaceholder.jpg&w=1200&q=60 1200w, /_next/image?url=https%3A%2F%2Fimages.ctfassets.net%2F3xid768u5joa%2Fufm5sstitBVeCwZ71417K%2F29d8383eb233ed514ea00ffc650879e3%2Fplaceholder.jpg&w=1920&q=60 1920w, /_next/image?url=https%3A%2F%2Fimages.ctfassets.net%2F3xid768u5joa%2Fufm5sstitBVeCwZ71417K%2F29d8383eb233ed514ea00ffc650879e3%2Fplaceholder.jpg&w=2048&q=60 2048w, /_next/image?url=https%3A%2F%2Fimages.ctfassets.net%2F3xid768u5joa%2Fufm5sstitBVeCwZ71417K%2F29d8383eb233ed514ea00ffc650879e3%2Fplaceholder.jpg&w=3840&q=60 3840w"
                style="position: absolute; top: 0px; left: 0px; bottom: 0px; right: 0px; box-sizing: border-box; padding: 0px; margin: auto; display: block; width: 0px; height: 0px; min-width: 100%; max-width: 100%; min-height: 100%; max-height: 100%; object-fit: cover;"
              />
              <noscript />
            </span>
          </div>
          <div
            class="title -flex-h"
          >
            <span
              class="heading -primary -regular"
            >
              <a
                class="heading link -black -lead"
                data-testid="link"
                href="https://beta.vanarama.com/van-insurance/multi-year-van-insurance.html"
              >
                Multi-Year Insurance
              </a>
            </span>
            <button
              class="button -teal -xsmall -solid -round"
            >
              <div
                class="button--inner"
              >
                <i
                  class="icon -regular md hydrated -white"
                  name="arrow-forward-sharp"
                >
                  <svg
                    height="1em"
                    viewBox="0 0 512 512"
                    width="1em"
                  >
                    <polyline
                      points="268 112 412 256 268 400"
                      style="fill: none; stroke: var(--class-color); stroke-linecap: square; stroke-miterlimit: 10; stroke-width: 48;"
                    />
                    <line
                      style="fill: none; stroke: var(--class-color); stroke-linecap: square; stroke-miterlimit: 10; stroke-width: 48;"
                      x1="392"
                      x2="100"
                      y1="256"
                      y2="256"
                    />
                  </svg>
                </i>
              </div>
            </button>
          </div>
          <span
            class="text -regular -dark"
            data-testid="card-description"
          >
            Protect yourself against future insurance price increases
          </span>
        </div>
        <div
          class="card"
          data-testid="card"
        >
          <div
            class="image card-image -expand -plain"
          >
            <span
              style="box-sizing: border-box; display: block; overflow: hidden; background: none; opacity: 1; border: 0px; margin: 0px; padding: 0px; position: absolute; top: 0px; left: 0px; bottom: 0px; right: 0px;"
            >
              <img
                class="image--native"
                data-nimg="fill"
                data-testid="card-image"
                decoding="async"
                sizes="100vw"
                src="/_next/image?url=https%3A%2F%2Fimages.ctfassets.net%2F3xid768u5joa%2Fufm5sstitBVeCwZ71417K%2F29d8383eb233ed514ea00ffc650879e3%2Fplaceholder.jpg&w=3840&q=60"
                srcset="/_next/image?url=https%3A%2F%2Fimages.ctfassets.net%2F3xid768u5joa%2Fufm5sstitBVeCwZ71417K%2F29d8383eb233ed514ea00ffc650879e3%2Fplaceholder.jpg&w=640&q=60 640w, /_next/image?url=https%3A%2F%2Fimages.ctfassets.net%2F3xid768u5joa%2Fufm5sstitBVeCwZ71417K%2F29d8383eb233ed514ea00ffc650879e3%2Fplaceholder.jpg&w=750&q=60 750w, /_next/image?url=https%3A%2F%2Fimages.ctfassets.net%2F3xid768u5joa%2Fufm5sstitBVeCwZ71417K%2F29d8383eb233ed514ea00ffc650879e3%2Fplaceholder.jpg&w=828&q=60 828w, /_next/image?url=https%3A%2F%2Fimages.ctfassets.net%2F3xid768u5joa%2Fufm5sstitBVeCwZ71417K%2F29d8383eb233ed514ea00ffc650879e3%2Fplaceholder.jpg&w=1080&q=60 1080w, /_next/image?url=https%3A%2F%2Fimages.ctfassets.net%2F3xid768u5joa%2Fufm5sstitBVeCwZ71417K%2F29d8383eb233ed514ea00ffc650879e3%2Fplaceholder.jpg&w=1200&q=60 1200w, /_next/image?url=https%3A%2F%2Fimages.ctfassets.net%2F3xid768u5joa%2Fufm5sstitBVeCwZ71417K%2F29d8383eb233ed514ea00ffc650879e3%2Fplaceholder.jpg&w=1920&q=60 1920w, /_next/image?url=https%3A%2F%2Fimages.ctfassets.net%2F3xid768u5joa%2Fufm5sstitBVeCwZ71417K%2F29d8383eb233ed514ea00ffc650879e3%2Fplaceholder.jpg&w=2048&q=60 2048w, /_next/image?url=https%3A%2F%2Fimages.ctfassets.net%2F3xid768u5joa%2Fufm5sstitBVeCwZ71417K%2F29d8383eb233ed514ea00ffc650879e3%2Fplaceholder.jpg&w=3840&q=60 3840w"
                style="position: absolute; top: 0px; left: 0px; bottom: 0px; right: 0px; box-sizing: border-box; padding: 0px; margin: auto; display: block; width: 0px; height: 0px; min-width: 100%; max-width: 100%; min-height: 100%; max-height: 100%; object-fit: cover;"
              />
              <noscript />
            </span>
          </div>
          <div
            class="title -flex-h"
          >
            <span
              class="heading -primary -regular"
            >
              <a
                class="heading link -black -lead"
                data-testid="link"
                href="https://beta.vanarama.com/van-insurance/finance-gap-insurance.html"
              >
                Finance GAP Insurance
              </a>
            </span>
            <button
              class="button -teal -xsmall -solid -round"
            >
              <div
                class="button--inner"
              >
                <i
                  class="icon -regular md hydrated -white"
                  name="arrow-forward-sharp"
                >
                  <svg
                    height="1em"
                    viewBox="0 0 512 512"
                    width="1em"
                  >
                    <polyline
                      points="268 112 412 256 268 400"
                      style="fill: none; stroke: var(--class-color); stroke-linecap: square; stroke-miterlimit: 10; stroke-width: 48;"
                    />
                    <line
                      style="fill: none; stroke: var(--class-color); stroke-linecap: square; stroke-miterlimit: 10; stroke-width: 48;"
                      x1="392"
                      x2="100"
                      y1="256"
                      y2="256"
                    />
                  </svg>
                </i>
              </div>
            </button>
          </div>
          <span
            class="text -regular -dark"
            data-testid="card-description"
          >
            Extra protection should the worst happen
          </span>
        </div>
        <div
          class="card"
          data-testid="card"
        >
          <div
            class="image card-image -expand -plain"
          >
            <span
              style="box-sizing: border-box; display: block; overflow: hidden; background: none; opacity: 1; border: 0px; margin: 0px; padding: 0px; position: absolute; top: 0px; left: 0px; bottom: 0px; right: 0px;"
            >
              <img
                class="image--native"
                data-nimg="fill"
                data-testid="card-image"
                decoding="async"
                sizes="100vw"
                src="/_next/image?url=https%3A%2F%2Fimages.ctfassets.net%2F3xid768u5joa%2Fufm5sstitBVeCwZ71417K%2F29d8383eb233ed514ea00ffc650879e3%2Fplaceholder.jpg&w=3840&q=60"
                srcset="/_next/image?url=https%3A%2F%2Fimages.ctfassets.net%2F3xid768u5joa%2Fufm5sstitBVeCwZ71417K%2F29d8383eb233ed514ea00ffc650879e3%2Fplaceholder.jpg&w=640&q=60 640w, /_next/image?url=https%3A%2F%2Fimages.ctfassets.net%2F3xid768u5joa%2Fufm5sstitBVeCwZ71417K%2F29d8383eb233ed514ea00ffc650879e3%2Fplaceholder.jpg&w=750&q=60 750w, /_next/image?url=https%3A%2F%2Fimages.ctfassets.net%2F3xid768u5joa%2Fufm5sstitBVeCwZ71417K%2F29d8383eb233ed514ea00ffc650879e3%2Fplaceholder.jpg&w=828&q=60 828w, /_next/image?url=https%3A%2F%2Fimages.ctfassets.net%2F3xid768u5joa%2Fufm5sstitBVeCwZ71417K%2F29d8383eb233ed514ea00ffc650879e3%2Fplaceholder.jpg&w=1080&q=60 1080w, /_next/image?url=https%3A%2F%2Fimages.ctfassets.net%2F3xid768u5joa%2Fufm5sstitBVeCwZ71417K%2F29d8383eb233ed514ea00ffc650879e3%2Fplaceholder.jpg&w=1200&q=60 1200w, /_next/image?url=https%3A%2F%2Fimages.ctfassets.net%2F3xid768u5joa%2Fufm5sstitBVeCwZ71417K%2F29d8383eb233ed514ea00ffc650879e3%2Fplaceholder.jpg&w=1920&q=60 1920w, /_next/image?url=https%3A%2F%2Fimages.ctfassets.net%2F3xid768u5joa%2Fufm5sstitBVeCwZ71417K%2F29d8383eb233ed514ea00ffc650879e3%2Fplaceholder.jpg&w=2048&q=60 2048w, /_next/image?url=https%3A%2F%2Fimages.ctfassets.net%2F3xid768u5joa%2Fufm5sstitBVeCwZ71417K%2F29d8383eb233ed514ea00ffc650879e3%2Fplaceholder.jpg&w=3840&q=60 3840w"
                style="position: absolute; top: 0px; left: 0px; bottom: 0px; right: 0px; box-sizing: border-box; padding: 0px; margin: auto; display: block; width: 0px; height: 0px; min-width: 100%; max-width: 100%; min-height: 100%; max-height: 100%; object-fit: cover;"
              />
              <noscript />
            </span>
          </div>
          <div
            class="title -flex-h"
          >
            <span
              class="heading -primary -regular"
            >
              <a
                class="heading link -black -lead"
                data-testid="link"
                href="https://beta.vanarama.com/van-insurance/tools-in-transit.html"
              >
                Tools in Transit Insurance
              </a>
            </span>
            <button
              class="button -teal -xsmall -solid -round"
            >
              <div
                class="button--inner"
              >
                <i
                  class="icon -regular md hydrated -white"
                  name="arrow-forward-sharp"
                >
                  <svg
                    height="1em"
                    viewBox="0 0 512 512"
                    width="1em"
                  >
                    <polyline
                      points="268 112 412 256 268 400"
                      style="fill: none; stroke: var(--class-color); stroke-linecap: square; stroke-miterlimit: 10; stroke-width: 48;"
                    />
                    <line
                      style="fill: none; stroke: var(--class-color); stroke-linecap: square; stroke-miterlimit: 10; stroke-width: 48;"
                      x1="392"
                      x2="100"
                      y1="256"
                      y2="256"
                    />
                  </svg>
                </i>
              </div>
            </button>
          </div>
          <span
            class="text -regular -dark"
            data-testid="card-description"
          >
            Get up to £3k's worth of tools cover for only £75 per year
          </span>
        </div>
      </div>
    </div>
  </div>
</body>
`;
