// Jest Snapshot v1, https://goo.gl/fbAQLP

exports[`<HeaderSecondaryMenu /> renders correctly 1`] = `
<div
  className="menu-secondary--wrapper-outer"
  data-testid="menu-secondary--wrapper-outer"
>
  <div
    className="menu-secondary--wrapper-inner"
  >
    <ul
      className="menu-secondary"
    >
      <li
        className="menu-li menu-title"
      >
        <button
          className="link -black -regular -clear"
          data-testid="menu-title"
          onClick={[Function]}
        >
          <div
            className="button--inner"
          >
            title
          </div>
        </button>
      </li>
      <li
        className="menu-li -highlight"
        data-testid="VANS Special Offers"
      >
        <button
          className="link -white -black -initial-size -clear"
        >
          <div
            className="button--inner"
          >
            VANS Special Offers
          </div>
        </button>
      </li>
      <li
        className="menu-li -open -with-children"
        data-testid="Vans By Manufacturer"
      >
        <button
          className="link -inherit -black -initial-size -clear"
          onFocus={[Function]}
          onMouseOver={[Function]}
        >
          <div
            className="button--inner"
          >
            Vans By Manufacturer
          </div>
        </button>
      </li>
      <li
        className="menu-li -with-children"
        data-testid="Vans By Size"
      >
        <button
          className="link -inherit -black -initial-size -clear"
          onFocus={[Function]}
          onMouseOver={[Function]}
        >
          <div
            className="button--inner"
          >
            Vans By Size
          </div>
        </button>
      </li>
      <li
        className="menu-li -with-children"
        data-testid="Vans By Type"
      >
        <button
          className="link -inherit -black -initial-size -clear"
          onFocus={[Function]}
          onMouseOver={[Function]}
        >
          <div
            className="button--inner"
          >
            Vans By Type
          </div>
        </button>
      </li>
      <li
        className="menu-li"
        data-testid="Van Leasing Explained"
      >
        <a
          className="link -inherit"
          data-menu={null}
          data-testid="router-link"
          href="/van-leasing/finance-options"
          onClick={[Function]}
          onFocus={[Function]}
          onMouseEnter={[Function]}
          onMouseOver={[Function]}
        >
          <span>
            Van Leasing Explained
          </span>
        </a>
      </li>
    </ul>
    <ul
      className="menu-tertiary -open"
    >
      <li
        className="menu-li menu-title"
      >
        <button
          className="link -black -regular -clear"
          data-testid="menu-tertiary-b21cfa5d-e57f-4d7e-867f-4a1870cfb879"
          onClick={[Function]}
        >
          <div
            className="button--inner"
          >
            Vans By Manufacturer
          </div>
        </button>
      </li>
      <li
        className="menu-li -span-half"
      >
        <a
          className="link"
          data-menu={null}
          data-testid="router-link"
          href="/van-leasing/Citroen"
          onClick={[Function]}
          onFocus={[Function]}
          onMouseEnter={[Function]}
          onMouseOver={[Function]}
        >
          <span>
            Citroen
          </span>
        </a>
      </li>
      <li
        className="menu-li -span-half"
      >
        <a
          className="link"
          data-menu={null}
          data-testid="router-link"
          href="/van-leasing/Ford"
          onClick={[Function]}
          onFocus={[Function]}
          onMouseEnter={[Function]}
          onMouseOver={[Function]}
        >
          <span>
            Ford
          </span>
        </a>
      </li>
      <li
        className="menu-li -span-half"
      >
        <a
          className="link"
          data-menu={null}
          data-testid="router-link"
          href="/van-leasing/Benz"
          onClick={[Function]}
          onFocus={[Function]}
          onMouseEnter={[Function]}
          onMouseOver={[Function]}
        >
          <span>
            Benz
          </span>
        </a>
      </li>
      <li
        className="menu-li -span-half"
      >
        <a
          className="link"
          data-menu={null}
          data-testid="router-link"
          href="/van-leasing/Nissan"
          onClick={[Function]}
          onFocus={[Function]}
          onMouseEnter={[Function]}
          onMouseOver={[Function]}
        >
          <span>
            Nissan
          </span>
        </a>
      </li>
      <li
        className="menu-li -span-half"
      >
        <a
          className="link"
          data-menu={null}
          data-testid="router-link"
          href="/van-leasing/Renault"
          onClick={[Function]}
          onFocus={[Function]}
          onMouseEnter={[Function]}
          onMouseOver={[Function]}
        >
          <span>
            Renault
          </span>
        </a>
      </li>
      <li
        className="menu-li -span-half"
      >
        <a
          className="link"
          data-menu={null}
          data-testid="router-link"
          href="/van-leasing/Vauxhall"
          onClick={[Function]}
          onFocus={[Function]}
          onMouseEnter={[Function]}
          onMouseOver={[Function]}
        >
          <span>
            Vauxhall
          </span>
        </a>
      </li>
      <li
        className="menu-li -span-half"
      >
        <a
          className="link"
          data-menu={null}
          data-testid="router-link"
          href="/van-leasing/Fiat"
          onClick={[Function]}
          onFocus={[Function]}
          onMouseEnter={[Function]}
          onMouseOver={[Function]}
        >
          <span>
            Fiat
          </span>
        </a>
      </li>
      <li
        className="menu-li -span-half"
      >
        <a
          className="link"
          data-menu={null}
          data-testid="router-link"
          href="/van-leasing/Isuzu"
          onClick={[Function]}
          onFocus={[Function]}
          onMouseEnter={[Function]}
          onMouseOver={[Function]}
        >
          <span>
            Isuzu
          </span>
        </a>
      </li>
      <li
        className="menu-li -span-half"
      >
        <a
          className="link"
          data-menu={null}
          data-testid="router-link"
          href="/van-leasing/Mitsubishi"
          onClick={[Function]}
          onFocus={[Function]}
          onMouseEnter={[Function]}
          onMouseOver={[Function]}
        >
          <span>
            Mitsubishi
          </span>
        </a>
      </li>
      <li
        className="menu-li -span-half"
      >
        <a
          className="link"
          data-menu={null}
          data-testid="router-link"
          href="/van-leasing/Peugeot"
          onClick={[Function]}
          onFocus={[Function]}
          onMouseEnter={[Function]}
          onMouseOver={[Function]}
        >
          <span>
            Peugeot
          </span>
        </a>
      </li>
      <li
        className="menu-li -span-half"
      >
        <a
          className="link"
          data-menu={null}
          data-testid="router-link"
          href="/van-leasing/Toyota"
          onClick={[Function]}
          onFocus={[Function]}
          onMouseEnter={[Function]}
          onMouseOver={[Function]}
        >
          <span>
            Toyota
          </span>
        </a>
      </li>
      <li
        className="menu-li -span-half"
      >
        <a
          className="link"
          data-menu={null}
          data-testid="router-link"
          href="/van-leasing/Volkswagen"
          onClick={[Function]}
          onFocus={[Function]}
          onMouseEnter={[Function]}
          onMouseOver={[Function]}
        >
          <span>
            Volkswagen
          </span>
        </a>
      </li>
    </ul>
    <ul
      className="menu-tertiary"
    >
      <li
        className="menu-li menu-title"
      >
        <button
          className="link -black -regular -clear"
          data-testid="menu-tertiary-43df3e0b-f248-457d-bf3c-ec1fe4def7e3"
          onClick={[Function]}
        >
          <div
            className="button--inner"
          >
            Vans By Size
          </div>
        </button>
      </li>
      <li
        className="menu-li"
      >
        <a
          className="link"
          data-menu={null}
          data-testid="router-link"
          href="/van-leasing?bodyStyles=Small%20Van"
          onClick={[Function]}
          onFocus={[Function]}
          onMouseEnter={[Function]}
          onMouseOver={[Function]}
        >
          <span>
            Small
          </span>
        </a>
      </li>
      <li
        className="menu-li"
      >
        <a
          className="link"
          data-menu={null}
          data-testid="router-link"
          href="/van-leasing?bodyStyles=Medium%20Van"
          onClick={[Function]}
          onFocus={[Function]}
          onMouseEnter={[Function]}
          onMouseOver={[Function]}
        >
          <span>
            Medium
          </span>
        </a>
      </li>
      <li
        className="menu-li"
      >
        <a
          className="link"
          data-menu={null}
          data-testid="router-link"
          href="/van-leasing?bodyStyles=Large%20Van"
          onClick={[Function]}
          onFocus={[Function]}
          onMouseEnter={[Function]}
          onMouseOver={[Function]}
        >
          <span>
            Large
          </span>
        </a>
      </li>
    </ul>
    <ul
      className="menu-tertiary"
    >
      <li
        className="menu-li menu-title"
      >
        <button
          className="link -black -regular -clear"
          data-testid="menu-tertiary-44c0f32b-f034-4b84-ac49-0c2b76140c96"
          onClick={[Function]}
        >
          <div
            className="button--inner"
          >
            Vans By Type
          </div>
        </button>
      </li>
      <li
        className="menu-li"
      >
        <a
          className="link"
          data-menu={null}
          data-testid="router-link"
          href="/van-leasing?bodyStyles=Refrigerated%20Van"
          onClick={[Function]}
          onFocus={[Function]}
          onMouseEnter={[Function]}
          onMouseOver={[Function]}
        >
          <span>
            Refrigerated
          </span>
        </a>
      </li>
      <li
        className="menu-li"
      >
        <a
          className="link"
          data-menu={null}
          data-testid="router-link"
          href="/van-leasing?bodyStyles=Dropside%20Tipper,Luton%20Box%20Van"
          onClick={[Function]}
          onFocus={[Function]}
          onMouseEnter={[Function]}
          onMouseOver={[Function]}
        >
          <span>
            Tippers/Lutons
          </span>
        </a>
      </li>
      <li
        className="menu-li"
      >
        <a
          className="link"
          data-menu={null}
          data-testid="router-link"
          href="/van-leasing?bodyStyles=Minibus"
          onClick={[Function]}
          onFocus={[Function]}
          onMouseEnter={[Function]}
          onMouseOver={[Function]}
        >
          <span>
            Crew/Minibus
          </span>
        </a>
      </li>
      <li
        className="menu-li"
      >
        <a
          className="link"
          data-menu={null}
          data-testid="router-link"
          href="/van-leasing?bodyStyles=Specialist"
          onClick={[Function]}
          onFocus={[Function]}
          onMouseEnter={[Function]}
          onMouseOver={[Function]}
        >
          <span>
            Specialist
          </span>
        </a>
      </li>
    </ul>
    
  </div>
</div>
`;
