// Jest Snapshot v1, https://goo.gl/fbAQLP

exports[`<Dropdown /> renders correctly 1`] = `
<div
  className="dropdown"
>
  <button
    className="dropdown--toggle"
    onClick={[Function]}
    type="button"
  >
    <span>
      Dropdown
    </span>
    <i
      className="icon -dark"
    >
      <svg
        height="1em"
        viewBox="0 0 512 512"
        width="1em"
      >
        <polyline
          points="112 184 256 328 400 184"
          style={
            Object {
              "fill": "none",
              "stroke": "var(--class-color)",
              "strokeLinecap": "square",
              "strokeMiterlimit": 10,
              "strokeWidth": 48,
            }
          }
        />
      </svg>
    </i>
  </button>
  <div
    className="dropdown--content"
  >
    <span>
      One
    </span>
    <span>
      Two
    </span>
    <span>
      Three
    </span>
  </div>
</div>
`;
