// Jest Snapshot v1, https://goo.gl/fbAQLP

exports[`<BusinessSummaryFormContainer /> should render correctly with data 1`] = `
<div
  className="loading -large"
>
  <svg
    className="loading--svg"
    viewBox="-75 -75 150 150"
  >
    <circle
      className="loading--stroke"
      cx="0"
      cy="0"
      r="37.5"
    />
  </svg>
</div>
`;
