// Jest Snapshot v1, https://goo.gl/fbAQLP

exports[`<Drawer /> should render correctly 1`] = `
<Fragment>
  <div
    className="srp-f-flyout open"
  >
    <Memo(Text)
      className="title"
      tag="div"
    >
      <span>
        Test
      </span>
      <Icon
        className="close-filter"
        data-uitestid="global-search-page-container_icon_close-filter"
        icon={<Memo />}
        onClick={[MockFunction]}
      />
    </Memo(Text)>
  </div>
  <div
    className="srp-f-mask open"
    data-uitestid="global-search-page-container_div_shadow-overlay"
    onClick={[MockFunction]}
    role="presentation"
  >
    <Memo() />
  </div>
</Fragment>
`;
