// Jest Snapshot v1, https://goo.gl/fbAQLP

exports[`<Nav /> rendering renders correctly 1`] = `
<nav
  className="nav-elements"
>
  <Link
    href="tel:+01442 507665"
  >
    <a>
      01442 507665
    </a>
  </Link>
  <Link
    href="/"
  >
    <a>
      Home
    </a>
  </Link>
  <Link
    href="/test"
  >
    <a>
      Test
    </a>
  </Link>
  <Link
    href="/sub/test"
  >
    <a>
      Sub Test
    </a>
  </Link>
</nav>
`;
