// Jest Snapshot v1, https://goo.gl/fbAQLP

exports[`<VehicleReviewContainer /> should match snapshot 1`] = `
<body>
  <div>
    <div
      class="row:title"
    >
      <h1
        class="heading -black -xlarge"
      >
        Citroen Van Reviews
      </h1>
    </div>
    <div
      class="row:text -columns"
    >
      <div>
        <p
          class="text -regular -darker"
        >
          Looking for advice on which van to lease? Check out our expert reviews of the latest Citroen vans and see how they fared in the Vanarama roadtest.
        </p>
      </div>
    </div>
    <div
      class="row:cards-3col -pt-300"
    >
      <div
        class="card"
        data-testid="card"
      >
        <div
          class="image card-image -expand -plain"
        >
          <div
            style="display: block; overflow: hidden; position: absolute; top: 0px; left: 0px; bottom: 0px; right: 0px; box-sizing: border-box; margin: 0px;"
          >
            <img
              class="image--native"
              data-nimg="fill"
              data-testid="card-image"
              decoding="async"
              src="data:image/gif;base64,R0lGODlhAQABAIAAAAAAAP///yH5BAEAAAAALAAAAAABAAEAAAIBRAA7"
              style="position: absolute; top: 0px; left: 0px; bottom: 0px; right: 0px; box-sizing: border-box; padding: 0px; margin: auto; display: block; width: 0px; height: 0px; min-width: 100%; max-width: 100%; min-height: 100%; max-height: 100%; object-fit: cover;"
            />
            <noscript />
          </div>
        </div>
        <div
          class="title"
        >
          <a
            class="heading link -black -lead"
            data-testid="link"
            href="https://next-storefront.grid.dev.autorama.co.uk/van-reviews/citroen-berlingo-review"
            rel="noopener noreferrer"
          >
            Citroen Berlingo Review
          </a>
          <div
            class="rating -regular -orange"
          >
            <span>
              <i
                class="icon -orange"
              >
                <svg
                  height="1em"
                  viewBox="0 0 512 512"
                  width="1em"
                >
                  <path
                    d="M496,203.3H312.36L256,32,199.64,203.3H16L166.21,308.7,107.71,480,256,373.84,404.29,480,345.68,308.7Z"
                  />
                </svg>
              </i>
            </span>
            <span>
              <i
                class="icon -orange"
              >
                <svg
                  height="1em"
                  viewBox="0 0 512 512"
                  width="1em"
                >
                  <path
                    d="M496,203.3H312.36L256,32,199.64,203.3H16L166.21,308.7,107.71,480,256,373.84,404.29,480,345.68,308.7Z"
                  />
                </svg>
              </i>
            </span>
            <span>
              <i
                class="icon -orange"
              >
                <svg
                  height="1em"
                  viewBox="0 0 512 512"
                  width="1em"
                >
                  <path
                    d="M496,203.3H312.36L256,32,199.64,203.3H16L166.21,308.7,107.71,480,256,373.84,404.29,480,345.68,308.7Z"
                  />
                </svg>
              </i>
            </span>
            <span>
              <i
                class="icon -orange"
              >
                <svg
                  height="1em"
                  viewBox="0 0 512 512"
                  width="1em"
                >
                  <path
                    d="M496,203.3H312.36L256,32,199.64,203.3H16L166.21,308.7,107.71,480,256,373.84,404.29,480,345.68,308.7Z"
                  />
                </svg>
              </i>
            </span>
            <span>
              <i
                class="icon -orange"
              >
                <svg
                  height="1em"
                  viewBox="0 0 512 512"
                  width="1em"
                >
                  <path
                    d="M496,203.3H312.36L256,32,199.64,203.3H16L166.21,308.7,107.71,480,256,373.84,404.29,480,345.68,308.7ZM274.63,347.82,256,334.49V134.39l26,78.91,7.24,22H394.63l-67.32,47.2-19.69,13.81,7.78,22.75,26.26,76.75Z"
                  />
                </svg>
              </i>
            </span>
            <span
              class="text -regular -dark"
            >
              4.5
            </span>
          </div>
        </div>
        <span
          class="text -regular -dark"
          data-testid="card-description"
        >
          The Citroen Berlingo small van is compact & capable - it also won a tonne of awards on launch....
        </span>
        <a
          class="button -teal -small -clear"
          data-testid="link"
          href="https://next-storefront.grid.dev.autorama.co.uk/van-reviews/citroen-berlingo-review"
          rel="noopener noreferrer"
        >
          <div
            class="button--inner"
          >
            Read Review &gt;
          </div>
        </a>
      </div>
      <div
        class="card"
        data-testid="card"
      >
        <div
          class="image card-image -expand -plain"
        >
          <div
            style="display: block; overflow: hidden; position: absolute; top: 0px; left: 0px; bottom: 0px; right: 0px; box-sizing: border-box; margin: 0px;"
          >
            <img
              class="image--native"
              data-nimg="fill"
              data-testid="card-image"
              decoding="async"
              src="data:image/gif;base64,R0lGODlhAQABAIAAAAAAAP///yH5BAEAAAAALAAAAAABAAEAAAIBRAA7"
              style="position: absolute; top: 0px; left: 0px; bottom: 0px; right: 0px; box-sizing: border-box; padding: 0px; margin: auto; display: block; width: 0px; height: 0px; min-width: 100%; max-width: 100%; min-height: 100%; max-height: 100%; object-fit: cover;"
            />
            <noscript />
          </div>
        </div>
        <div
          class="title"
        >
          <a
            class="heading link -black -lead"
            data-testid="link"
            href="https://next-storefront.grid.dev.autorama.co.uk/van-reviews/citroen-dispatch-review"
            rel="noopener noreferrer"
          >
            Citroen Dispatch Review
          </a>
          <div
            class="rating -regular -orange"
          >
            <span>
              <i
                class="icon -orange"
              >
                <svg
                  height="1em"
                  viewBox="0 0 512 512"
                  width="1em"
                >
                  <path
                    d="M496,203.3H312.36L256,32,199.64,203.3H16L166.21,308.7,107.71,480,256,373.84,404.29,480,345.68,308.7Z"
                  />
                </svg>
              </i>
            </span>
            <span>
              <i
                class="icon -orange"
              >
                <svg
                  height="1em"
                  viewBox="0 0 512 512"
                  width="1em"
                >
                  <path
                    d="M496,203.3H312.36L256,32,199.64,203.3H16L166.21,308.7,107.71,480,256,373.84,404.29,480,345.68,308.7Z"
                  />
                </svg>
              </i>
            </span>
            <span>
              <i
                class="icon -orange"
              >
                <svg
                  height="1em"
                  viewBox="0 0 512 512"
                  width="1em"
                >
                  <path
                    d="M496,203.3H312.36L256,32,199.64,203.3H16L166.21,308.7,107.71,480,256,373.84,404.29,480,345.68,308.7Z"
                  />
                </svg>
              </i>
            </span>
            <span>
              <i
                class="icon -orange"
              >
                <svg
                  height="1em"
                  viewBox="0 0 512 512"
                  width="1em"
                >
                  <path
                    d="M496,203.3H312.36L256,32,199.64,203.3H16L166.21,308.7,107.71,480,256,373.84,404.29,480,345.68,308.7Z"
                  />
                </svg>
              </i>
            </span>
            <span>
              <i
                class="icon -orange"
              >
                <svg
                  height="1em"
                  viewBox="0 0 512 512"
                  width="1em"
                >
                  <path
                    d="M496,203.3H312.36L256,32,199.64,203.3H16L166.21,308.7,107.71,480,256,373.84,404.29,480,345.68,308.7ZM274.63,347.82,256,334.49V134.39l26,78.91,7.24,22H394.63l-67.32,47.2-19.69,13.81,7.78,22.75,26.26,76.75Z"
                  />
                </svg>
              </i>
            </span>
            <span
              class="text -regular -dark"
            >
              4.5
            </span>
          </div>
        </div>
        <span
          class="text -regular -dark"
          data-testid="card-description"
        >
          3 lengths to pick from, a tech-filled cabin that transforms into a mobile office and you'll get a choice of 5 engines...
        </span>
        <a
          class="button -teal -small -clear"
          data-testid="link"
          href="https://next-storefront.grid.dev.autorama.co.uk/van-reviews/citroen-dispatch-review"
          rel="noopener noreferrer"
        >
          <div
            class="button--inner"
          >
            Read Review &gt;
          </div>
        </a>
      </div>
      <div
        class="card"
        data-testid="card"
      >
        <div
          class="image card-image -expand -plain"
        >
          <div
            style="display: block; overflow: hidden; position: absolute; top: 0px; left: 0px; bottom: 0px; right: 0px; box-sizing: border-box; margin: 0px;"
          >
            <img
              class="image--native"
              data-nimg="fill"
              data-testid="card-image"
              decoding="async"
              src="data:image/gif;base64,R0lGODlhAQABAIAAAAAAAP///yH5BAEAAAAALAAAAAABAAEAAAIBRAA7"
              style="position: absolute; top: 0px; left: 0px; bottom: 0px; right: 0px; box-sizing: border-box; padding: 0px; margin: auto; display: block; width: 0px; height: 0px; min-width: 100%; max-width: 100%; min-height: 100%; max-height: 100%; object-fit: cover;"
            />
            <noscript />
          </div>
        </div>
        <div
          class="title"
        >
          <a
            class="heading link -black -lead"
            data-testid="link"
            href="https://next-storefront.grid.dev.autorama.co.uk/van-reviews/citroen-relay-review"
            rel="noopener noreferrer"
          >
            Citroen Relay Review
          </a>
          <div
            class="rating -regular -orange"
          >
            <span>
              <i
                class="icon -orange"
              >
                <svg
                  height="1em"
                  viewBox="0 0 512 512"
                  width="1em"
                >
                  <path
                    d="M496,203.3H312.36L256,32,199.64,203.3H16L166.21,308.7,107.71,480,256,373.84,404.29,480,345.68,308.7Z"
                  />
                </svg>
              </i>
            </span>
            <span>
              <i
                class="icon -orange"
              >
                <svg
                  height="1em"
                  viewBox="0 0 512 512"
                  width="1em"
                >
                  <path
                    d="M496,203.3H312.36L256,32,199.64,203.3H16L166.21,308.7,107.71,480,256,373.84,404.29,480,345.68,308.7Z"
                  />
                </svg>
              </i>
            </span>
            <span>
              <i
                class="icon -orange"
              >
                <svg
                  height="1em"
                  viewBox="0 0 512 512"
                  width="1em"
                >
                  <path
                    d="M496,203.3H312.36L256,32,199.64,203.3H16L166.21,308.7,107.71,480,256,373.84,404.29,480,345.68,308.7Z"
                  />
                </svg>
              </i>
            </span>
            <span>
              <i
                class="icon -orange"
              >
                <svg
                  height="1em"
                  viewBox="0 0 512 512"
                  width="1em"
                >
                  <path
                    d="M496,203.3H312.36L256,32,199.64,203.3H16L166.21,308.7,107.71,480,256,373.84,404.29,480,345.68,308.7Z"
                  />
                </svg>
              </i>
            </span>
            <span>
              <i
                class="icon -orange"
              >
                <svg
                  height="1em"
                  viewBox="0 0 512 512"
                  width="1em"
                >
                  <path
                    d="M496,203.3H312.36L256,32,199.64,203.3H16L166.21,308.7,107.71,480,256,373.84,404.29,480,345.68,308.7ZM274.63,347.82,256,334.49V134.39l26,78.91,7.24,22H394.63l-67.32,47.2-19.69,13.81,7.78,22.75,26.26,76.75Z"
                  />
                </svg>
              </i>
            </span>
            <span
              class="text -regular -dark"
            >
              4.5
            </span>
          </div>
        </div>
        <span
          class="text -regular -dark"
          data-testid="card-description"
        >
          he Citroen Relay 35 L3 Diesel takes a workhorse approach, and is suited to transporting capacity payloads over distance...
        </span>
        <a
          class="button -teal -small -clear"
          data-testid="link"
          href="https://next-storefront.grid.dev.autorama.co.uk/van-reviews/citroen-relay-review"
          rel="noopener noreferrer"
        >
          <div
            class="button--inner"
          >
            Read Review &gt;
          </div>
        </a>
      </div>
    </div>
    <div
      class="row:pagination"
    >
      <div
        class="pagination"
      >
        <a
          class="link pagination--item -active -primary -regular -plain"
          href="/van-reviews.html"
        >
          1
        </a>
      </div>
    </div>
  </div>
</body>
`;
