// Jest Snapshot v1, https://goo.gl/fbAQLP

exports[`<FeaturedAndTilesContainer /> should match snapshot 1`] = `
<body>
  <div>
    <div
      class="row:title"
    >
      <h1
        class="heading -black -xlarge"
      >
        Vanarama Smiles Container
      </h1>
    </div>
    <section
      class="row:featured-right"
    >
      <div
        class="image -expand"
      >
        <div
          style="display: block; overflow: hidden; position: relative; box-sizing: border-box; margin: 0px;"
        >
          <div
            style="display: block; box-sizing: border-box; padding-top: 100%;"
          />
          <img
            alt="Welcome To Vanarama Smiles"
            class="image--native"
            data-nimg="responsive"
            decoding="async"
            src="data:image/gif;base64,R0lGODlhAQABAIAAAAAAAP///yH5BAEAAAAALAAAAAABAAEAAAIBRAA7"
            style="position: absolute; top: 0px; left: 0px; bottom: 0px; right: 0px; box-sizing: border-box; padding: 0px; margin: auto; display: block; width: 0px; height: 0px; min-width: 100%; max-width: 100%; min-height: 100%; max-height: 100%;"
          />
          <noscript />
        </div>
      </div>
      <article>
        <h2
          class="heading -black -lead"
        >
          Welcome To Vanarama Smiles
        </h2>
        <p
          class="text -regular -darker"
        >
          As a thank you, we're giving Vanarama customers exclusive access to our rewards scheme. When you lease with us you'll earn Smiles to enjoy some of the very best offers, discounts and free gifts.
        </p>
      </article>
    </section>
    <section
      class="row:bg-light"
    >
      <div>
        <h2
          class="heading -black -large"
        >
          What's Included?
        </h2>
        <div
          class="row:cards-2col"
          style="padding-top: 10px;"
        >
          <div
            class="card breakdown -inline"
            data-testid="card"
          >
            <div
              class="image card-image -expand -plain"
            >
              <div
                style="display: block; overflow: hidden; position: absolute; top: 0px; left: 0px; bottom: 0px; right: 0px; box-sizing: border-box; margin: 0px;"
              >
                <img
                  class="image--native"
                  data-nimg="fill"
                  data-testid="card-image"
                  decoding="async"
                  src="data:image/gif;base64,R0lGODlhAQABAIAAAAAAAP///yH5BAEAAAAALAAAAAABAAEAAAIBRAA7"
                  style="position: absolute; top: 0px; left: 0px; bottom: 0px; right: 0px; box-sizing: border-box; padding: 0px; margin: auto; display: block; width: 0px; height: 0px; min-width: 100%; max-width: 100%; min-height: 100%; max-height: 100%; object-fit: cover;"
                />
                <noscript />
              </div>
            </div>
            <div
              class="title"
            >
              <span
                class="heading -black -lead"
                data-testid="card-heading"
              >
                Breakdown Cover
              </span>
            </div>
            <div>
              <p
                class="text -regular -dark"
              >
                Wherever your vehicle breaks down, our trusted partner, the RAC, will provide assistance, so you'll never be left stranded.
              </p>
            </div>
          </div>
          <div
            class="card breakdown -inline"
            data-testid="card"
          >
            <div
              class="image card-image -expand -plain"
            >
              <div
                style="display: block; overflow: hidden; position: absolute; top: 0px; left: 0px; bottom: 0px; right: 0px; box-sizing: border-box; margin: 0px;"
              >
                <img
                  class="image--native"
                  data-nimg="fill"
                  data-testid="card-image"
                  decoding="async"
                  src="data:image/gif;base64,R0lGODlhAQABAIAAAAAAAP///yH5BAEAAAAALAAAAAABAAEAAAIBRAA7"
                  style="position: absolute; top: 0px; left: 0px; bottom: 0px; right: 0px; box-sizing: border-box; padding: 0px; margin: auto; display: block; width: 0px; height: 0px; min-width: 100%; max-width: 100%; min-height: 100%; max-height: 100%; object-fit: cover;"
                />
                <noscript />
              </div>
            </div>
            <div
              class="title"
            >
              <span
                class="heading -black -lead"
                data-testid="card-heading"
              >
                At Home Cover
              </span>
            </div>
            <div>
              <p
                class="text -regular -dark"
              >
                If your vehicle won't start, the RAC will fix your vehicle if you break down at, or within Â¼ mile of home. Just pop the kettle on & sit tight.
              </p>
            </div>
          </div>
          <div
            class="card breakdown -inline"
            data-testid="card"
          >
            <div
              class="image card-image -expand -plain"
            >
              <div
                style="display: block; overflow: hidden; position: absolute; top: 0px; left: 0px; bottom: 0px; right: 0px; box-sizing: border-box; margin: 0px;"
              >
                <img
                  class="image--native"
                  data-nimg="fill"
                  data-testid="card-image"
                  decoding="async"
                  src="data:image/gif;base64,R0lGODlhAQABAIAAAAAAAP///yH5BAEAAAAALAAAAAABAAEAAAIBRAA7"
                  style="position: absolute; top: 0px; left: 0px; bottom: 0px; right: 0px; box-sizing: border-box; padding: 0px; margin: auto; display: block; width: 0px; height: 0px; min-width: 100%; max-width: 100%; min-height: 100%; max-height: 100%; object-fit: cover;"
                />
                <noscript />
              </div>
            </div>
            <div
              class="title"
            >
              <span
                class="heading -black -lead"
                data-testid="card-heading"
              >
                Recovery
              </span>
            </div>
            <div>
              <p
                class="text -regular -dark"
              >
                If your vehicle can't be fixed at the roadside, the RAC will take it for repair. All part of the service!
              </p>
            </div>
          </div>
          <div
            class="card breakdown -inline"
            data-testid="card"
          >
            <div
              class="image card-image -expand -plain"
            >
              <div
                style="display: block; overflow: hidden; position: absolute; top: 0px; left: 0px; bottom: 0px; right: 0px; box-sizing: border-box; margin: 0px;"
              >
                <img
                  class="image--native"
                  data-nimg="fill"
                  data-testid="card-image"
                  decoding="async"
                  src="data:image/gif;base64,R0lGODlhAQABAIAAAAAAAP///yH5BAEAAAAALAAAAAABAAEAAAIBRAA7"
                  style="position: absolute; top: 0px; left: 0px; bottom: 0px; right: 0px; box-sizing: border-box; padding: 0px; margin: auto; display: block; width: 0px; height: 0px; min-width: 100%; max-width: 100%; min-height: 100%; max-height: 100%; object-fit: cover;"
                />
                <noscript />
              </div>
            </div>
            <div
              class="title"
            >
              <span
                class="heading -black -lead"
                data-testid="card-heading"
              >
                Replacement Vehicle
              </span>
            </div>
            <div>
              <p
                class="text -regular -dark"
              >
                If your vehicle's off the road needing repair, we'll keep your business moving by giving you a similar-sized vehicle for up to 7 days.
              </p>
            </div>
          </div>
        </div>
      </div>
    </section>
    <section
      class="row:featured-right"
    >
      <article>
        <h2
          class="heading -black -lead"
        >
          Vanarama Smiles 2
        </h2>
        <p
          class="text -regular -darker"
        >
          Due to the Covid-19 outbreak, earning and spending Smiles points on certain rewards is now temporarily on hold. We are sorry for any inconvenience this may cause. We are working hard behind the scenes to source some of the best in-home offers for you during this difficult time. To view these offers, simply visit the My Offers page on vanaramasmiles.co.uk
        </p>
      </article>
    </section>
  </div>
</body>
`;
