// Jest Snapshot v1, https://goo.gl/fbAQLP

exports[`<CarDetailsPage /> renders correctly with data 1`] = `
<div
  className="pdp--content"
>
  <nav>
    <ol
      className="breadcrumb"
    >
      <li
        className="breadcrumb-item -parent"
      >
        <a
          className="link breadcrumb-item--backlink -teal -small -plain"
          href="/"
        >
          Back to 
          Home
          <i
            className="icon -medium -xsmall"
          >
            <svg
              height="1em"
              viewBox="0 0 512 512"
              width="1em"
            >
              <title>
                ionicons-v5-a
              </title>
              <polyline
                points="328 112 184 256 328 400"
                style={
                  Object {
                    "fill": "none",
                    "stroke": "var(--class-color)",
                    "strokeLinecap": "round",
                    "strokeLinejoin": "round",
                    "strokeWidth": 48,
                  }
                }
              />
            </svg>
          </i>
        </a>
        <a
          className="link breadcrumb-item--parent -teal -small -plain"
          href="/"
        >
          Home
        </a>
        <i
          className="icon -medium -xsmall"
        >
          <svg
            height="1em"
            viewBox="0 0 512 512"
            width="1em"
          >
            <title>
              ionicons-v5-a
            </title>
            <polyline
              points="184 112 328 256 184 400"
              style={
                Object {
                  "fill": "none",
                  "stroke": "var(--class-color)",
                  "strokeLinecap": "round",
                  "strokeLinejoin": "round",
                  "strokeWidth": 48,
                }
              }
            />
          </svg>
        </i>
      </li>
      <li
        className="breadcrumb-item -parent"
      >
        <a
          className="link breadcrumb-item--backlink -teal -small -plain"
          href="/"
        >
          Back to 
          Mercedes
          <i
            className="icon -medium -xsmall"
          >
            <svg
              height="1em"
              viewBox="0 0 512 512"
              width="1em"
            >
              <title>
                ionicons-v5-a
              </title>
              <polyline
                points="328 112 184 256 328 400"
                style={
                  Object {
                    "fill": "none",
                    "stroke": "var(--class-color)",
                    "strokeLinecap": "round",
                    "strokeLinejoin": "round",
                    "strokeWidth": 48,
                  }
                }
              />
            </svg>
          </i>
        </a>
        <a
          className="link breadcrumb-item--parent -teal -small -plain"
          href="/"
        >
          Mercedes
        </a>
        <i
          className="icon -medium -xsmall"
        >
          <svg
            height="1em"
            viewBox="0 0 512 512"
            width="1em"
          >
            <title>
              ionicons-v5-a
            </title>
            <polyline
              points="184 112 328 256 184 400"
              style={
                Object {
                  "fill": "none",
                  "stroke": "var(--class-color)",
                  "strokeLinecap": "round",
                  "strokeLinejoin": "round",
                  "strokeWidth": 48,
                }
              }
            />
          </svg>
        </i>
      </li>
      <li
        className="breadcrumb-item -child"
      >
        <span
          className="text breadcrumb-item--child -small -darker"
        >
          Benz
        </span>
      </li>
    </ol>
  </nav>
  <span
    className="heading -pt-100 -black -xlarge"
  >
    Mercedes-Benz
  </span>
  <span
    className="text -lead -darker"
  >
    C200 Amg Line Premium 2 Doors 9g-Tronic
  </span>
  <div
    className="-mt-500 -mb-200"
    style={
      Object {
        "display": "flex",
        "justifyContent": "space-between",
      }
    }
  >
    <div
      className="rating -regular -orange"
    >
      <span>
        <i
          className="icon -orange"
        >
          <svg
            height="1em"
            viewBox="0 0 512 512"
            width="1em"
          >
            <title>
              ionicons-v5-e
            </title>
            <path
              d="M496,203.3H312.36L256,32,199.64,203.3H16L166.21,308.7,107.71,480,256,373.84,404.29,480,345.68,308.7Z"
            />
          </svg>
        </i>
      </span>
      <span>
        <i
          className="icon -orange"
        >
          <svg
            height="1em"
            viewBox="0 0 512 512"
            width="1em"
          >
            <title>
              ionicons-v5-e
            </title>
            <path
              d="M496,203.3H312.36L256,32,199.64,203.3H16L166.21,308.7,107.71,480,256,373.84,404.29,480,345.68,308.7Z"
            />
          </svg>
        </i>
      </span>
      <span>
        <i
          className="icon -orange"
        >
          <svg
            height="1em"
            viewBox="0 0 512 512"
            width="1em"
          >
            <title>
              ionicons-v5-e
            </title>
            <path
              d="M496,203.3H312.36L256,32,199.64,203.3H16L166.21,308.7,107.71,480,256,373.84,404.29,480,345.68,308.7Z"
            />
          </svg>
        </i>
      </span>
      <span>
        <i
          className="icon -orange"
        >
          <svg
            height="1em"
            viewBox="0 0 512 512"
            width="1em"
          >
            <title>
              ionicons-v5-e
            </title>
            <path
              d="M496,203.3H312.36L256,32,199.64,203.3H16L166.21,308.7,107.71,480,256,373.84,404.29,480,345.68,308.7Z"
            />
          </svg>
        </i>
      </span>
      <span>
        <i
          className="icon -orange"
        >
          <svg
            height="1em"
            viewBox="0 0 512 512"
            width="1em"
          >
            <title>
              ionicons-v5-e
            </title>
            <path
              d="M496,203.3H312.36L256,32,199.64,203.3H16L166.21,308.7,107.71,480,256,373.84,404.29,480,345.68,308.7ZM274.63,347.82,256,334.49V134.39l26,78.91,7.24,22H394.63l-67.32,47.2-19.69,13.81,7.78,22.75,26.26,76.75Z"
            />
          </svg>
        </i>
      </span>
      <span
        className="text -regular -dark"
      >
        4.7
      </span>
    </div>
  </div>
  <nav
    className="pdp--flag"
  >
    <div>
      <span>
        14 - 21 Days Delivery
      </span>
    </div>
    <div>
      <i
        className="icon"
      >
        <i
          className="icon -white"
        >
          <svg
            height="1em"
            viewBox="0 0 512 512"
            width="1em"
          >
            <title>
              ionicons-v5-m
            </title>
            <path
              d="M394.23,197.56a300.43,300.43,0,0,0-53.37-90C301.2,61.65,249.05,32,208,32a16,16,0,0,0-15.48,20c13.87,53-14.88,97.07-45.31,143.72C122,234.36,96,274.27,96,320c0,88.22,71.78,160,160,160s160-71.78,160-160C416,276.7,408.68,235.51,394.23,197.56ZM288.33,418.69C278,429.69,265.05,432,256,432s-22-2.31-32.33-13.31S208,390.24,208,368c0-25.14,8.82-44.28,17.34-62.78,4.95-10.74,10-21.67,13-33.37a8,8,0,0,1,12.49-4.51A126.48,126.48,0,0,1,275,292c18.17,24,29,52.42,29,76C304,390.24,298.58,407.77,288.33,418.69Z"
            />
          </svg>
        </i>
      </i>
      <span>
        Hot Deal
      </span>
    </div>
  </nav>
  <div
    className="tabs-wrap"
  >
    <div
      className="tabs__panel -pt-000"
    >
      <div
        aria-labelledby="tab:1-1"
        className="tabs--active"
        hidden={false}
        id="panel:1-1"
        role="tabpanel"
      >
        <div
          className="media-gallery"
          style={
            Object {
              "--x": 0,
              "--y": 0,
            }
          }
        >
          <div
            className="media-gallery--x-scroll"
          >
            <div
              className="media-gallery--x-track"
            >
              <div
                className="media-gallery--x-track-item -active"
              >
                <div
                  className="image -expand -plain"
                >
                  <img
                    className="image--native"
                    src="https://res.cloudinary.com/diun8mklf/image/upload/v1581538983/cars/PeugeotRifter0718_7_lqteyc.jpg"
                  />
                </div>
              </div>
              <div
                className="media-gallery--x-track-item"
              >
                <div
                  className="image -expand -plain"
                >
                  <img
                    className="image--native"
                    src="https://source.unsplash.com/collection/2102317/1000x650?sig=403425"
                  />
                </div>
              </div>
              <div
                className="media-gallery--x-track-item"
              >
                <div
                  className="image -expand -plain"
                >
                  <img
                    className="image--native"
                    src="https://source.unsplash.com/collection/2102317/1000x650?sig=403425"
                  />
                </div>
              </div>
              <div
                className="media-gallery--x-track-item"
              >
                <div
                  className="image -expand -plain"
                >
                  <img
                    className="image--native"
                    src="https://source.unsplash.com/collection/2102317/1000x650?sig=403425"
                  />
                </div>
              </div>
              <div
                className="media-gallery--x-track-item"
              >
                <div
                  className="image -expand -plain"
                >
                  <img
                    className="image--native"
                    src="https://source.unsplash.com/collection/2102317/1000x650?sig=403425"
                  />
                </div>
              </div>
              <div
                className="media-gallery--x-track-item"
              >
                <div
                  className="image -expand -plain"
                >
                  <img
                    className="image--native"
                    src="https://source.unsplash.com/collection/2102317/1000x650?sig=403425"
                  />
                </div>
              </div>
            </div>
            <nav
              className="media-gallery--x-scroll-nav"
            >
              <button
                onClick={[Function]}
                type="button"
              >
                <i
                  className="icon md hydrated -orange -lead"
                >
                  <svg
                    height="1em"
                    viewBox="0 0 512 512"
                    width="1em"
                  >
                    <title>
                      ionicons-v5-b
                    </title>
                    <path
                      d="M256,48C141.13,48,48,141.13,48,256s93.13,208,208,208,208-93.13,208-208S370.87,48,256,48Zm62.63,304L296,374.63,177.37,256,296,137.37,318.63,160l-96,96Z"
                    />
                  </svg>
                </i>
              </button>
              <button
                onClick={[Function]}
                type="button"
              >
                <i
                  className="icon md hydrated -orange -lead"
                >
                  <svg
                    height="1em"
                    viewBox="0 0 512 512"
                    width="1em"
                  >
                    <title>
                      ionicons-v5-b
                    </title>
                    <path
                      d="M256,48C141.13,48,48,141.13,48,256s93.13,208,208,208,208-93.13,208-208S370.87,48,256,48ZM216,374.63,193.37,352l96-96-96-96L216,137.37,334.63,256Z"
                    />
                  </svg>
                </i>
              </button>
            </nav>
          </div>
          <div
            className="media-gallery--y-scroll"
          >
            <div
              className="media-gallery--y-track"
            >
              <div
                className="media-gallery--y-track-item -active"
                onClick={[Function]}
                role="list"
              >
                <div
                  className="image -xlarge"
                >
                  <img
                    className="image--native"
                    src="https://res.cloudinary.com/diun8mklf/image/upload/v1581538983/cars/PeugeotRifter0718_7_lqteyc.jpg"
                  />
                </div>
              </div>
              <div
                className="media-gallery--y-track-item"
                onClick={[Function]}
                role="list"
              >
                <div
                  className="image -xlarge"
                >
                  <img
                    className="image--native"
                    src="https://source.unsplash.com/collection/2102317/1000x650?sig=403425"
                  />
                </div>
              </div>
              <div
                className="media-gallery--y-track-item"
                onClick={[Function]}
                role="list"
              >
                <div
                  className="image -xlarge"
                >
                  <img
                    className="image--native"
                    src="https://source.unsplash.com/collection/2102317/1000x650?sig=403425"
                  />
                </div>
              </div>
              <div
                className="media-gallery--y-track-item"
                onClick={[Function]}
                role="list"
              >
                <div
                  className="image -xlarge"
                >
                  <img
                    className="image--native"
                    src="https://source.unsplash.com/collection/2102317/1000x650?sig=403425"
                  />
                </div>
              </div>
              <div
                className="media-gallery--y-track-item"
                onClick={[Function]}
                role="list"
              >
                <div
                  className="image -xlarge"
                >
                  <img
                    className="image--native"
                    src="https://source.unsplash.com/collection/2102317/1000x650?sig=403425"
                  />
                </div>
              </div>
              <div
                className="media-gallery--y-track-item"
                onClick={[Function]}
                role="list"
              >
                <div
                  className="image -xlarge"
                >
                  <img
                    className="image--native"
                    src="https://source.unsplash.com/collection/2102317/1000x650?sig=403425"
                  />
                </div>
              </div>
            </div>
          </div>
        </div>
      </div>
      <div
        aria-labelledby="tab:1-2"
        className=""
        hidden={true}
        id="panel:1-2"
        role="tabpanel"
      >
        <div
          className="media"
        >
          <div
            className=""
            src="https://player.vimeo.com/video/263419265"
            style={
              Object {
                "height": "360px",
                "width": "100%",
              }
            }
          >
            <div
              style={
                Object {
                  "display": undefined,
                  "height": "100%",
                  "overflow": "hidden",
                  "width": "100%",
                }
              }
            />
          </div>
        </div>
      </div>
      <div
        aria-labelledby="tab:1-3"
        className=""
        hidden={true}
        id="panel:1-3"
        role="tabpanel"
      >
        <div
          className="media"
        >
          <div
            className=""
            src="https://player.vimeo.com/video/263419265"
            style={
              Object {
                "height": "360px",
                "width": "100%",
              }
            }
          >
            <div
              style={
                Object {
                  "display": undefined,
                  "height": "100%",
                  "overflow": "hidden",
                  "width": "100%",
                }
              }
            />
          </div>
        </div>
      </div>
    </div>
    <nav
      className="tabs -content-end -regular"
    >
      <div
        className="tabs__list-wrap"
      >
        <div
          className="tabs__list"
          role="tablist"
        >
          <button
            aria-controls="panel:1-1"
            aria-selected={true}
            className="-active"
            id="tab:1-1"
            onClick={[Function]}
            role="tab"
            type="button"
          >
            Photos
          </button>
          <button
            aria-controls="panel:1-2"
            aria-selected={false}
            className=""
            id="tab:1-2"
            onClick={[Function]}
            role="tab"
            type="button"
          >
            Videos
          </button>
          <button
            aria-controls="panel:1-3"
            aria-selected={false}
            className=""
            id="tab:1-3"
            onClick={[Function]}
            role="tab"
            type="button"
          >
            360° View
          </button>
        </div>
      </div>
    </nav>
  </div>
  <div
    className="tabs-wrap"
  >
    <nav
      className="tabs -content-end -regular -alt -expand"
    >
      <div
        className="tabs__list-wrap"
      >
        <div
          className="tabs__list"
          role="tablist"
        >
          <button
            aria-controls="panel:2-1"
            aria-selected={true}
            className="-active"
            id="tab:2-1"
            onClick={[Function]}
            role="tab"
            type="button"
          >
            Key Information
          </button>
          <button
            aria-controls="panel:2-2"
            aria-selected={false}
            className=""
            id="tab:2-2"
            onClick={[Function]}
            role="tab"
            type="button"
          >
            Standard Equipment
          </button>
          <button
            aria-controls="panel:2-3"
            aria-selected={false}
            className=""
            id="tab:2-3"
            onClick={[Function]}
            role="tab"
            type="button"
          >
            Technical Specification
          </button>
        </div>
      </div>
    </nav>
    <div
      className="tabs__panel -p-000"
    >
      <div
        aria-labelledby="tab:2-1"
        className="tabs--active"
        hidden={false}
        id="panel:2-1"
        role="tabpanel"
      />
      <div
        aria-labelledby="tab:2-2"
        className=""
        hidden={true}
        id="panel:2-2"
        role="tabpanel"
      />
      <div
        aria-labelledby="tab:2-3"
        className=""
        hidden={true}
        id="panel:2-3"
        role="tabpanel"
      />
    </div>
  </div>
  <div
    className="tilebox -col-300 -p-400"
  >
    <span
      className="heading -black -lead"
    >
      Independent Review By Car & Driving
    </span>
    <p
      className="text -regular -darker"
    >
      <span
        dangerouslySetInnerHTML={
          Object {
            "__html": "...",
          }
        }
      />
      <a
        className="link -teal -regular -plain"
        onClick={[Function]}
      >
        Read More
      </a>
    </p>
  </div>
  <div
    className="pdp--feature-grid -col2"
  >
    <span
      className="heading -black -lead"
    >
      Why Choose Leasing?
    </span>
    <div
      className="pdp--feature-grid--item"
    >
      <i
        className="icon -orange -xlarge"
      >
        <svg
          height="1em"
          viewBox="0 0 64 64"
          width="1em"
        >
          <title>
            BrandNewCar
          </title>
          <path
            d="M51.5143 41.2687C51.2667 40.2064 50.6515 39.2657 49.7774 38.6131C48.9033 37.9605 47.8266 37.6379 46.7376 37.7024C45.6086 37.7769 44.5446 38.2572 43.7421 39.0548C42.9396 39.8525 42.4528 40.9135 42.3714 42.042C42.1667 44.3102 43.6614 46.2218 46.2753 46.9687H47.9028C48.4538 46.7872 48.9844 46.5487 49.4858 46.2571C50.0154 45.908 50.4739 45.4616 50.8369 44.9416C51.189 44.3964 51.4364 43.7905 51.5667 43.1548C51.6741 42.5288 51.6563 41.8878 51.5143 41.2687V41.2687ZM47.0222 44.4167C46.6129 44.4175 46.2126 44.2969 45.872 44.07C45.5313 43.8431 45.2657 43.5202 45.1087 43.1423C44.9517 42.7643 44.9104 42.3482 44.9901 41.9468C45.0697 41.5453 45.2667 41.1765 45.5561 40.8871C45.8455 40.5977 46.2143 40.4007 46.6158 40.3211C47.0172 40.2414 47.4333 40.2827 47.8112 40.4397C48.1892 40.5967 48.5121 40.8624 48.739 41.203C48.9658 41.5436 49.0865 41.9439 49.0857 42.3532C49.0883 42.6249 49.0367 42.8944 48.934 43.146C48.8312 43.3975 48.6793 43.626 48.4872 43.8182C48.295 44.0103 48.0665 44.1622 47.815 44.265C47.5634 44.3678 47.2939 44.4194 47.0222 44.4167V44.4167Z"
            fill="currentColor"
          />
          <path
            d="M21.1448 41.2687C20.9015 40.2061 20.2888 39.2643 19.4159 38.6112C18.543 37.9581 17.4667 37.636 16.3785 37.7024C15.2492 37.7738 14.1843 38.2534 13.3824 39.0519C12.5805 39.8503 12.0963 40.913 12.0199 42.042C11.8152 44.3102 13.3091 46.2218 15.9148 46.9687H17.5516C18.099 46.7854 18.6264 46.547 19.1256 46.2571C19.6679 45.9128 20.1324 45.4589 20.4892 44.9247C20.846 44.3905 21.0872 43.7876 21.1975 43.1548C21.3094 42.5291 21.2914 41.8872 21.1448 41.2687V41.2687ZM16.6623 44.4167C16.2534 44.4158 15.8539 44.2936 15.5145 44.0656C15.175 43.8377 14.9108 43.5142 14.7552 43.136C14.5995 42.7579 14.5595 42.3421 14.6402 41.9413C14.7209 41.5404 14.9186 41.1725 15.2083 40.884C15.4981 40.5955 15.8669 40.3994 16.2681 40.3204C16.6693 40.2415 17.0849 40.2833 17.4623 40.4406C17.8398 40.5978 18.1621 40.8635 18.3886 41.2039C18.6151 41.5444 18.7356 41.9443 18.7348 42.3532C18.7374 42.6257 18.6855 42.8959 18.5822 43.1481C18.4789 43.4002 18.3261 43.6291 18.1331 43.8214C17.94 44.0137 17.7104 44.1654 17.4578 44.2676C17.2052 44.3698 16.9347 44.4206 16.6623 44.4167V44.4167Z"
            fill="currentColor"
          />
          <path
            d="M58.7616 34.1005C58.5052 33.8045 58.3411 33.4399 58.2894 33.0517C58.1829 30.4551 56.6092 28.3296 55.1597 26.4001C53.843 24.6397 52.4476 22.6827 50.224 22.3807C45.677 21.7108 41.0771 21.4696 36.485 21.6602V23.8036C36.9743 23.759 37.454 23.7319 37.9255 23.7319C37.9255 23.7319 39.4205 23.4125 39.3221 24.7462L38.8056 29.9303C38.8056 29.9303 38.6099 30.971 37.8095 31.0248L36.4847 31.0776V32.8125H38.1743C38.3185 32.8048 38.4629 32.8266 38.5985 32.8766C38.734 32.9265 38.858 33.0035 38.9629 33.103C39.0677 33.2024 39.1512 33.3221 39.2083 33.4549C39.2653 33.5876 39.2947 33.7306 39.2947 33.8751C39.2947 34.0196 39.2653 34.1625 39.2083 34.2953C39.1512 34.428 39.0677 34.5478 38.9629 34.6472C38.858 34.7466 38.734 34.8236 38.5985 34.8736C38.4629 34.9235 38.3185 34.9453 38.1743 34.9377H36.4847V43.8204H40.3968C39.9619 41.4286 40.5305 39.3297 42.2464 37.5962C42.9089 36.9194 43.7091 36.3929 44.5928 36.0523C45.4765 35.7117 46.4231 35.5649 47.3685 35.6218C50.6948 35.7284 54.4831 38.9125 53.6471 43.821H57.8448C57.8448 43.821 57.9867 43.7237 57.9959 43.7237C60.5573 42.042 60.4946 36.2703 58.7616 34.1005ZM52.403 30.8117L41.6337 30.9536C41.6337 30.9536 40.7368 30.9264 40.7977 30.1447L41.2244 24.6486C41.2558 24.5206 41.3143 24.4007 41.3959 24.2971C41.4774 24.1935 41.5802 24.1086 41.6973 24.048C41.8145 23.9874 41.9432 23.9526 42.0749 23.9459C42.2066 23.9392 42.3382 23.9607 42.4608 24.0091C42.4608 24.0091 46.4802 24.8533 48.4364 25.6184C48.4364 25.6184 51.8244 27.0046 53.2391 29.0866C53.2391 29.0866 53.6566 29.6908 53.7457 29.8599C53.8259 30.0455 54.1725 30.8196 52.403 30.8106V30.8117ZM15.9955 28.9428C13.1859 29.5033 10.4821 30.3663 8.00215 31.9579C7.4725 32.2977 6.97243 32.6814 6.50724 33.1052V33.1142C5.48346 34.0141 4.70861 35.1624 4.25727 36.4486L5.7867 36.4758L5.77773 37.0898C5.75495 37.4092 5.60643 37.7064 5.36475 37.9164C5.12308 38.1264 4.80797 38.2319 4.48858 38.2099L3.85718 38.2009C3.7549 39.151 3.77601 40.1102 3.91997 41.0548C4.19557 43.0827 5.44015 43.7405 6.97882 43.8297C7.14815 43.8378 7.32536 43.8378 7.50366 43.8378C7.53407 43.8363 7.5641 43.8305 7.59282 43.8204H10.1711C9.26385 38.9207 13.3023 35.497 16.9825 35.5952C20.6107 35.7017 24.3456 39.1253 23.4475 43.8207H27.3161V31.4592L19.9704 31.7712C19.9704 31.7712 19.1079 31.682 20.2025 30.6321C20.2025 30.6321 22.0165 28.0801 27.3163 25.8837V23.1274C23.5785 24.2577 20.0874 26.0827 17.0259 28.5069C16.7203 28.7289 16.3678 28.8781 15.9955 28.9428V28.9428Z"
            fill="currentColor"
          />
          <path
            d="M40.3861 10.2448C38.3408 9.42642 36.5616 9.9953 35.0501 11.5258C34.0445 12.5483 33.0404 13.5801 31.894 14.763C30.6839 13.5083 29.6168 12.3439 28.4785 11.2676C27.0029 9.87191 25.2506 9.47154 23.3564 10.2715C22.4965 10.5956 21.7549 11.1727 21.2295 11.9267C20.7042 12.6807 20.4196 13.5763 20.4134 14.4952C20.3332 16.3631 21.649 18.9859 23.694 19.2181C25.4371 19.4219 27.3315 19.2091 29.092 19.2091L29.0901 43.8392H34.7017L34.7036 19.2091H37.3001C38.866 19.2091 40.2084 19.4494 41.5424 18.444C42.1437 17.9899 42.6255 17.3962 42.9462 16.7144C43.2668 16.0325 43.4168 15.2828 43.383 14.53C43.3384 12.5127 42.2896 11.0099 40.3861 10.2448ZM29.4924 16.4604C29.3997 16.6114 29.2754 16.7407 29.1281 16.8392C28.9808 16.9377 28.8139 17.0032 28.6389 17.0311C28.0268 17.0848 27.4117 17.0939 26.7983 17.0583C26.247 17.0583 25.7037 17.0765 25.1525 17.0502C24.6438 17.0452 24.1501 16.8772 23.744 16.5708C23.3379 16.2643 23.0408 15.8357 22.8965 15.3478C22.7522 14.86 22.7683 14.3387 22.9423 13.8606C23.1163 13.3826 23.4392 12.973 23.8634 12.6921C24.29 12.3999 24.8013 12.2571 25.3176 12.2861C25.8339 12.3151 26.326 12.5141 26.7173 12.8522C27.6319 13.6735 28.5017 14.5434 29.323 15.458C29.4296 15.5992 29.5006 15.764 29.5301 15.9385C29.5595 16.113 29.5466 16.292 29.4924 16.4604V16.4604ZM40.9104 15.296C40.7775 15.7783 40.4966 16.2068 40.1074 16.5211C39.7182 16.8354 39.2402 17.0198 38.7407 17.0483C38.162 17.0839 37.5844 17.0483 36.9976 17.0483V17.0564C36.4197 17.0921 35.84 17.083 35.2635 17.0292C34.9077 16.9673 34.4274 16.7444 34.3027 16.4585C34.2556 16.2735 34.252 16.0802 34.292 15.8936C34.3321 15.707 34.4148 15.5322 34.5337 15.3829C35.3324 14.4907 36.1819 13.6454 37.078 12.8511C37.4672 12.5081 37.9607 12.3066 38.4787 12.2792C38.9967 12.2517 39.5088 12.4 39.932 12.7C40.3502 12.9722 40.6706 13.3708 40.8466 13.8377C41.0225 14.3046 41.0449 14.8155 40.9104 15.296V15.296Z"
            fill="currentColor"
          />
        </svg>
      </i>
      <div>
        <div
          className="heading -black -regular"
        >
          Brand New Vehicles
        </div>
      </div>
    </div>
    <div
      className="pdp--feature-grid--item"
    >
      <i
        className="icon -orange -xlarge"
      >
        <svg
          height="1em"
          viewBox="0 0 64 64"
          width="1em"
        >
          <title>
            Calendar
          </title>
          <path
            d="M13.124 15.5961V9.47105C13.1399 9.07556 13.3082 8.70157 13.5936 8.42736C13.879 8.15315 14.2594 8 14.6553 8C15.0511 8 15.4315 8.15315 15.7169 8.42736C16.0024 8.70157 16.1707 9.07556 16.1865 9.47105V15.5961C16.1948 15.8023 16.1613 16.0081 16.0881 16.2011C16.0149 16.3941 15.9034 16.5703 15.7604 16.7192C15.6174 16.868 15.4458 16.9865 15.2559 17.0674C15.066 17.1483 14.8617 17.19 14.6553 17.19C14.4488 17.19 14.2446 17.1483 14.0547 17.0674C13.8647 16.9865 13.6931 16.868 13.5501 16.7192C13.4071 16.5703 13.2957 16.3941 13.2225 16.2011C13.1492 16.0081 13.1157 15.8023 13.124 15.5961ZM39.1558 17.1286C39.3571 17.1288 39.5564 17.0893 39.7425 17.0124C39.9285 16.9354 40.0975 16.8226 40.2399 16.6802C40.3822 16.5379 40.4951 16.3688 40.572 16.1828C40.649 15.9968 40.6885 15.7974 40.6883 15.5961V9.47105C40.6724 9.07556 40.5041 8.70157 40.2187 8.42736C39.9333 8.15315 39.5528 8 39.157 8C38.7612 8 38.3807 8.15315 38.0953 8.42736C37.8099 8.70157 37.6416 9.07556 37.6258 9.47105V15.5961C37.6255 15.7974 37.665 15.9968 37.742 16.1828C37.8189 16.3688 37.9318 16.5379 38.0741 16.6802C38.2165 16.8226 38.3855 16.9354 38.5715 17.0124C38.7576 17.0893 38.9569 17.1288 39.1582 17.1286H39.1558ZM56 44.6912C55.9995 47.618 54.951 50.4478 53.0443 52.6683C51.1377 54.8888 48.4989 56.3532 45.6058 56.7962C42.7128 57.2392 39.7567 56.6316 37.2729 55.0834C34.7891 53.5352 32.9418 51.1488 32.0656 48.3562C31.1893 45.5637 31.342 42.5497 32.4959 39.86C33.6499 37.1703 35.7289 34.9828 38.3564 33.6935C40.9839 32.4042 43.9863 32.0984 46.8197 32.8315C49.6532 33.5646 52.1306 35.2881 53.8031 37.6899C55.2335 39.7444 56.0002 42.1878 56 44.6912V44.6912ZM52.9372 44.6912C52.9373 42.874 52.3985 41.0976 51.3889 39.5866C50.3794 38.0757 48.9445 36.898 47.2656 36.2026C45.5868 35.5071 43.7394 35.3251 41.9571 35.6796C40.1749 36.0341 38.5377 36.9091 37.2528 38.1941C35.9678 39.479 35.0927 41.1161 34.7382 42.8984C34.3836 44.6806 34.5656 46.528 35.261 48.2069C35.9563 49.8858 37.134 51.3207 38.6449 52.3303C40.1558 53.3399 41.9322 53.8787 43.7494 53.8787C46.1853 53.8761 48.5207 52.9073 50.2432 51.1849C51.9657 49.4625 52.9345 47.1271 52.9372 44.6912V44.6912ZM19.2499 26.3161H13.1248V32.4411H19.2499V26.3161ZM13.1248 41.629H19.2499V35.5034H13.1248V41.629ZM22.3126 32.4411H28.4377V26.3164H22.3126V32.4411ZM22.3126 41.629H28.4377V35.5034H22.3126V41.629ZM10.0626 44.3863V23.2514H43.7499V29.3762H46.8127V17.4315C46.8162 16.9926 46.7331 16.5572 46.5683 16.1503C46.4035 15.7435 46.1601 15.3731 45.852 15.0603C45.544 14.7475 45.1774 14.4985 44.7731 14.3275C44.3688 14.1565 43.9347 14.0668 43.4957 14.0636H42.2191V15.5961C42.2191 16.4083 41.8965 17.1873 41.3221 17.7616C40.7478 18.3359 39.9688 18.6586 39.1566 18.6586C38.3444 18.6586 37.5654 18.3359 36.9911 17.7616C36.4168 17.1873 36.0941 16.4083 36.0941 15.5961V14.0636H17.7193V15.5961C17.7193 16.4084 17.3966 17.1874 16.8222 17.7618C16.2478 18.3362 15.4688 18.6589 14.6565 18.6589C13.8442 18.6589 13.0652 18.3362 12.4908 17.7618C11.9164 17.1874 11.5937 16.4084 11.5937 15.5961V14.0636H10.3185C9.87942 14.0668 9.4453 14.1564 9.04091 14.3274C8.63651 14.4984 8.26976 14.7474 7.96161 15.0601C7.65345 15.3729 7.40994 15.7433 7.24496 16.1502C7.07998 16.5571 6.99678 16.9925 7.0001 17.4315V44.3844C6.99448 45.2707 7.34072 46.1231 7.96284 46.7544C8.58497 47.3857 9.43216 47.7444 10.3185 47.7518H28.4377V44.689H10.3185C10.245 44.6805 10.1776 44.6442 10.1301 44.5875C10.0826 44.5309 10.0585 44.4582 10.0629 44.3844L10.0626 44.3863ZM37.6252 32.4411V26.3164H31.5002V32.4414L37.6252 32.4411ZM48.3441 44.6912H43.7499V40.0975C43.7587 39.891 43.7255 39.6849 43.6525 39.4915C43.5795 39.2981 43.4682 39.1215 43.3251 38.9723C43.1821 38.8231 43.0104 38.7044 42.8202 38.6233C42.6301 38.5421 42.4255 38.5003 42.2188 38.5003C42.0121 38.5003 41.8076 38.5421 41.6175 38.6233C41.4273 38.7044 41.2556 38.8231 41.1125 38.9723C40.9695 39.1215 40.8581 39.2981 40.7851 39.4915C40.7121 39.6849 40.679 39.891 40.6877 40.0975V46.2226C40.6874 46.4238 40.7268 46.623 40.8036 46.809C40.8804 46.9949 40.9932 47.1639 41.1354 47.3063C41.2775 47.4486 41.4464 47.5615 41.6323 47.6385C41.8181 47.7155 42.0174 47.7551 42.2186 47.7551H48.3441C48.7403 47.7401 49.1152 47.5722 49.3901 47.2866C49.6651 47.0011 49.8187 46.6201 49.8187 46.2237C49.8187 45.8272 49.6651 45.4463 49.3901 45.1607C49.1152 44.8751 48.7403 44.7073 48.3441 44.6923V44.6912Z"
            fill="currentColor"
          />
        </svg>
      </i>
      <div>
        <div
          className="heading -black -regular"
        >
          Fixed Monthly Payments
        </div>
      </div>
    </div>
    <div
      className="pdp--feature-grid--item"
    >
      <i
        className="icon -orange -xlarge"
      >
        <svg
          height="1em"
          viewBox="0 0 64 64"
          width="1em"
        >
          <title>
            NoMOT
          </title>
          <path
            clip-rule="evenodd"
            d="M21.7737 42.7916H24.8395V32.8123H13.5834C13.4558 32.8207 13.3284 32.7919 13.2168 32.7295C13.1051 32.6671 13.0139 32.5736 12.9542 32.4605C12.8944 32.3473 12.8688 32.2193 12.8803 32.0919C12.8918 31.9645 12.9399 31.8431 13.0189 31.7425L16.4214 26.26C17.001 25.3291 18.3233 24.6553 19.4127 24.6553H24.8408V22.9216H19.4119C17.7182 22.9216 15.8412 23.9072 14.9447 25.3436L12.3939 29.4543H9.13952C7.63896 29.4543 7.14858 31.8217 8.57999 32.2673L10.3084 32.812L9.52605 34.0699C8.53548 35.6695 8.30738 38.4232 8.30738 40.9787V49.4429C8.30906 49.6878 8.40749 49.922 8.5812 50.0945C8.75492 50.267 8.98981 50.3638 9.23463 50.3638H13.167C13.4109 50.3626 13.6444 50.2653 13.8169 50.0928C13.9894 49.9204 14.0869 49.6868 14.0881 49.4429V47.1844H24.84V44.9903H21.7737C21.6204 44.9894 21.4735 44.928 21.365 44.8196C21.2566 44.7111 21.1952 44.5643 21.1943 44.4109V43.3707C21.1952 43.2173 21.2565 43.0704 21.365 42.9619C21.4734 42.8534 21.6203 42.7925 21.7737 42.7916ZM36.0325 16.9244H46.4331C47.017 16.9214 47.5812 16.7134 48.0274 16.3369C48.4736 15.9603 48.7735 15.4391 48.8747 14.8641C48.8963 14.7264 48.9079 14.5873 48.9094 14.4479V13.0612C48.9088 12.825 48.8146 12.5986 48.6476 12.4316C48.4805 12.2645 48.2542 12.1704 48.0179 12.1697H44.4024C44.4024 11.3291 44.0685 10.5228 43.474 9.92839C42.8796 9.33395 42.0733 9 41.2327 9C40.392 9 39.5858 9.33395 38.9913 9.92839C38.3969 10.5228 38.0629 11.3291 38.0629 12.1697H34.4474C34.2112 12.1704 33.9849 12.2646 33.8178 12.4316C33.6508 12.5987 33.5566 12.825 33.5559 13.0612V14.4479C33.555 14.5874 33.5666 14.7267 33.5907 14.8641C33.6904 15.4398 33.9898 15.9619 34.4364 16.3387C34.8829 16.7155 35.4482 16.9229 36.0325 16.9244ZM41.2328 13.5567C40.9586 13.5567 40.6905 13.4753 40.4624 13.323C40.2344 13.1706 40.0567 12.954 39.9517 12.7007C39.8468 12.4473 39.8193 12.1685 39.8728 11.8995C39.9263 11.6305 40.0584 11.3834 40.2523 11.1895C40.4462 10.9956 40.6933 10.8635 40.9623 10.81C41.2313 10.7565 41.5101 10.784 41.7635 10.8889C42.0168 10.9939 42.2334 11.1716 42.3858 11.3996C42.5381 11.6277 42.6194 11.8958 42.6194 12.17C42.6194 12.9383 41.5796 13.2101 41.2328 13.5567ZM34.2397 41.7653L36.5674 39.4376L36.7309 39.2741C36.8678 39.1381 36.9483 38.9553 36.9563 38.7625C36.9644 38.5696 36.8993 38.3808 36.7742 38.2338C36.6491 38.0868 36.4731 37.9924 36.2814 37.9695C36.0898 37.9466 35.8965 37.9969 35.7403 38.1103C35.7068 38.1341 35.6753 38.1607 35.6462 38.1898L33.4177 40.4186L32.5312 39.5272C32.387 39.3853 32.1925 39.3063 31.9902 39.3071C31.788 39.308 31.5942 39.3887 31.4512 39.5318C31.3081 39.6748 31.2274 39.8685 31.2265 40.0708C31.2257 40.2731 31.3048 40.4675 31.4466 40.6118L32.5956 41.7655L32.878 42.0429C33.0311 42.1679 33.2227 42.2362 33.4203 42.2362C33.6179 42.2362 33.8095 42.1679 33.9626 42.0429L34.2397 41.7653ZM38.5186 40.5522V42.2358H51.2418V40.5522H38.5186ZM36.7306 19.9592C36.8702 19.8145 36.9475 19.6209 36.9457 19.4198C36.9439 19.2188 36.8633 19.0265 36.7212 18.8843C36.579 18.7421 36.3867 18.6614 36.1857 18.6596C35.9846 18.6578 35.7909 18.735 35.6462 18.8746L33.4177 21.1032L32.5312 20.2117C32.387 20.0699 32.1925 19.9908 31.9902 19.9916C31.788 19.9925 31.5942 20.0732 31.4512 20.2163C31.3081 20.3593 31.2274 20.5531 31.2265 20.7553C31.2257 20.9576 31.3048 21.1521 31.4466 21.2963L32.8772 22.7269C33.0303 22.8518 33.2219 22.9201 33.4195 22.9201C33.6171 22.9201 33.8087 22.8518 33.9618 22.7269L36.7306 19.9592ZM38.5186 21.237V22.9209H51.2418V21.237H38.5186ZM36.7306 26.3994C36.8018 26.3282 36.8583 26.2436 36.8968 26.1506C36.9353 26.0576 36.9552 25.9579 36.9552 25.8572C36.9552 25.7565 36.9353 25.6568 36.8968 25.5638C36.8583 25.4707 36.8018 25.3862 36.7306 25.315C36.6594 25.2438 36.5749 25.1873 36.4818 25.1488C36.3888 25.1103 36.2891 25.0904 36.1884 25.0904C36.0877 25.0904 35.988 25.1103 35.895 25.1488C35.802 25.1873 35.7174 25.2438 35.6462 25.315L33.4177 27.5436L32.5312 26.6521C32.387 26.5103 32.1925 26.4312 31.9902 26.4321C31.788 26.4329 31.5942 26.5137 31.4512 26.6567C31.3081 26.7997 31.2274 26.9935 31.2265 27.1958C31.2257 27.3981 31.3048 27.5925 31.4466 27.7367L32.8772 29.1673C33.0303 29.2923 33.2219 29.3605 33.4195 29.3605C33.6171 29.3605 33.8087 29.2923 33.9618 29.1673L36.7306 26.3994ZM38.5186 27.6774V29.361H51.2418V27.6774H38.5186ZM36.7306 32.8372C36.8702 32.6925 36.9475 32.4988 36.9457 32.2978C36.9439 32.0967 36.8633 31.9044 36.7212 31.7622C36.579 31.6201 36.3867 31.5394 36.1857 31.5376C35.9846 31.5357 35.7909 31.6129 35.6462 31.7525L33.4177 33.9811L32.5312 33.0894C32.4602 33.0172 32.3756 32.9597 32.2823 32.9204C32.189 32.881 32.0888 32.8605 31.9875 32.8601C31.8863 32.8597 31.7859 32.8793 31.6923 32.9179C31.5986 32.9564 31.5136 33.0131 31.4419 33.0847C31.3703 33.1563 31.3136 33.2414 31.2751 33.3351C31.2365 33.4287 31.2169 33.5291 31.2173 33.6303C31.2177 33.7316 31.2382 33.8318 31.2776 33.9251C31.3169 34.0184 31.3744 34.103 31.4466 34.174L32.8772 35.6046C33.0303 35.7296 33.2219 35.7979 33.4195 35.7979C33.6171 35.7979 33.8087 35.7296 33.9618 35.6046L36.7306 32.8372ZM38.5186 34.1149V35.7988H51.2418V34.1149H38.5186ZM28.6034 15.7852H32.5158C32.4261 15.5586 32.3613 15.3228 32.3227 15.0821C32.2847 14.873 32.2663 14.6607 32.2679 14.4481V13.3089H28.0091C27.5108 13.3107 27.0334 13.5094 26.681 13.8618C26.3286 14.2142 26.1299 14.6916 26.1281 15.1899V48.4823C26.1299 48.9806 26.3286 49.4581 26.681 49.8104C27.0334 50.1628 27.5108 50.3616 28.0091 50.3633H54.456C54.9543 50.3616 55.4317 50.1628 55.7841 49.8104C56.1365 49.4581 56.3352 48.9806 56.337 48.4823V15.1907C56.3352 14.6924 56.1365 14.215 55.7841 13.8626C55.4317 13.5102 54.9543 13.3115 54.456 13.3097H50.1967V14.4489C50.1957 14.6614 50.1775 14.8734 50.1421 15.0829C50.1011 15.3231 50.0364 15.5586 49.949 15.786H53.8615V47.8878H28.6031L28.6034 15.7852ZM13.2639 36.4527L16.4039 37.577C16.7249 37.6908 16.9953 37.9145 17.1673 38.2084C17.3393 38.5024 17.4018 38.8478 17.3437 39.1834C17.2856 39.519 17.1106 39.8232 16.8498 40.0422C16.589 40.2613 16.2591 40.381 15.9185 40.3802H12.5804C12.0479 40.3741 11.5392 40.1583 11.1648 39.7795C10.7903 39.4008 10.5803 38.8897 10.5803 38.3571C10.5803 37.8245 10.7903 37.3134 11.1648 36.9346C11.5392 36.5559 12.0479 36.3401 12.5804 36.334C12.8133 36.3347 13.0446 36.3747 13.2639 36.4527Z"
            fill="currentColor"
            fill-rule="evenodd"
          />
        </svg>
      </i>
      <div>
        <div
          className="heading -black -regular"
        >
          No MOT Costs
        </div>
      </div>
    </div>
  </div>
</div>
`;

exports[`<CarDetailsPage /> renders correctly with error 1`] = `
<div
  className="dpd-content"
  style={
    Object {
      "alignItems": "center",
      "display": "flex",
      "minHeight": "40rem",
    }
  }
>
  Error
</div>
`;

exports[`<CarDetailsPage /> renders correctly with loading 1`] = `
<div
  className="dpd-content"
  style={
    Object {
      "alignItems": "center",
      "display": "flex",
      "minHeight": "40rem",
    }
  }
>
  <div
    className="loading -xlarge"
  >
    <svg
      className="loading--svg"
      viewBox="-75 -75 150 150"
    >
      <circle
        className="loading--stroke"
        cx="0"
        cy="0"
        r="37.5"
      />
    </svg>
  </div>
</div>
`;
